Archive member included because of file (symbol)

G:\LlilumRepo2\llilum\Zelig\mbed/TARGET_NUCLEO_L152RE/TOOLCHAIN_GCC_ARM\libmbed.a(analogin_api.o)
                              STM32L152\InteropExports_adc.o (analogin_init)
G:\LlilumRepo2\llilum\Zelig\mbed/TARGET_NUCLEO_L152RE/TOOLCHAIN_GCC_ARM\libmbed.a(gpio_api.o)
                              STM32L152\InteropExports_gpio.o (gpio_mode)
G:\LlilumRepo2\llilum\Zelig\mbed/TARGET_NUCLEO_L152RE/TOOLCHAIN_GCC_ARM\libmbed.a(pinmap.o)
                              G:\LlilumRepo2\llilum\Zelig\mbed/TARGET_NUCLEO_L152RE/TOOLCHAIN_GCC_ARM\libmbed.a(gpio_api.o) (Set_GPIO_Clock)
G:\LlilumRepo2\llilum\Zelig\mbed/TARGET_NUCLEO_L152RE/TOOLCHAIN_GCC_ARM\libmbed.a(gpio_irq_api.o)
                              STM32L152\InteropExports_gpio.o (gpio_irq_init)
G:\LlilumRepo2\llilum\Zelig\mbed/TARGET_NUCLEO_L152RE/TOOLCHAIN_GCC_ARM\libmbed.a(i2c_api.o)
                              STM32L152\InteropExports_i2c.o (i2c_frequency)
G:\LlilumRepo2\llilum\Zelig\mbed/TARGET_NUCLEO_L152RE/TOOLCHAIN_GCC_ARM\libmbed.a(serial_api.o)
                              STM32L152\InteropExports_serial.o (serial_init)
G:\LlilumRepo2\llilum\Zelig\mbed/TARGET_NUCLEO_L152RE/TOOLCHAIN_GCC_ARM\libmbed.a(us_ticker.o)
                              STM32L152\InteropExports_system_timer.o (us_ticker_init)
G:\LlilumRepo2\llilum\Zelig\mbed/TARGET_NUCLEO_L152RE/TOOLCHAIN_GCC_ARM\libmbed.a(spi_api.o)
                              STM32L152\InteropExports_spi.o (spi_init)
G:\LlilumRepo2\llilum\Zelig\mbed/TARGET_NUCLEO_L152RE/TOOLCHAIN_GCC_ARM\libmbed.a(FileSystemLike.o)
                              G:\LlilumRepo2\llilum\Zelig\mbed/TARGET_NUCLEO_L152RE/TOOLCHAIN_GCC_ARM/retarget.o (mbed::FileSystemLike::opendir())
G:\LlilumRepo2\llilum\Zelig\mbed/TARGET_NUCLEO_L152RE/TOOLCHAIN_GCC_ARM\libmbed.a(FilePath.o)
                              G:\LlilumRepo2\llilum\Zelig\mbed/TARGET_NUCLEO_L152RE/TOOLCHAIN_GCC_ARM/retarget.o (mbed::FilePath::FilePath(char const*))
G:\LlilumRepo2\llilum\Zelig\mbed/TARGET_NUCLEO_L152RE/TOOLCHAIN_GCC_ARM\libmbed.a(assert.o)
                              STM32L152\InteropExports_gpio.o (mbed_assert_internal)
G:\LlilumRepo2\llilum\Zelig\mbed/TARGET_NUCLEO_L152RE/TOOLCHAIN_GCC_ARM\libmbed.a(error.o)
                              G:\LlilumRepo2\llilum\Zelig\mbed/TARGET_NUCLEO_L152RE/TOOLCHAIN_GCC_ARM/retarget.o (error)
G:\LlilumRepo2\llilum\Zelig\mbed/TARGET_NUCLEO_L152RE/TOOLCHAIN_GCC_ARM\libmbed.a(gpio.o)
                              STM32L152\InteropExports_gpio.o (gpio_init_in)
G:\LlilumRepo2\llilum\Zelig\mbed/TARGET_NUCLEO_L152RE/TOOLCHAIN_GCC_ARM\libmbed.a(pinmap_common.o)
                              G:\LlilumRepo2\llilum\Zelig\mbed/TARGET_NUCLEO_L152RE/TOOLCHAIN_GCC_ARM\libmbed.a(analogin_api.o) (pinmap_pinout)
G:\LlilumRepo2\llilum\Zelig\mbed/TARGET_NUCLEO_L152RE/TOOLCHAIN_GCC_ARM\libmbed.a(ticker_api.o)
                              STM32L152\InteropExports_system_timer.o (ticker_set_handler)
G:\LlilumRepo2\llilum\Zelig\mbed/TARGET_NUCLEO_L152RE/TOOLCHAIN_GCC_ARM\libmbed.a(us_ticker_api.o)
                              STM32L152\InteropExports_system_timer.o (get_us_ticker_data)
G:\LlilumRepo2\llilum\Zelig\mbed/TARGET_NUCLEO_L152RE/TOOLCHAIN_GCC_ARM\libmbed.a(wait_api.o)
                              G:\LlilumRepo2\llilum\Zelig\mbed/TARGET_NUCLEO_L152RE/TOOLCHAIN_GCC_ARM/board.o (wait_ms)
G:\LlilumRepo2\llilum\Zelig\mbed/TARGET_NUCLEO_L152RE/TOOLCHAIN_GCC_ARM\libmbed.a(PeripheralPins.o)
                              G:\LlilumRepo2\llilum\Zelig\mbed/TARGET_NUCLEO_L152RE/TOOLCHAIN_GCC_ARM\libmbed.a(spi_api.o) (PinMap_SPI_SSEL)
G:\LlilumRepo2\llilum\Zelig\mbed/TARGET_NUCLEO_L152RE/TOOLCHAIN_GCC_ARM\libmbed.a(FileBase.o)
                              G:\LlilumRepo2\llilum\Zelig\mbed/TARGET_NUCLEO_L152RE/TOOLCHAIN_GCC_ARM\libmbed.a(FileSystemLike.o) (mbed::FileBase::~FileBase())
c:/arm_gcc/4.9/bin/../lib/gcc/arm-none-eabi/4.9.3/../../../../arm-none-eabi/lib/armv7-m\libstdc++_nano.a(del_op.o)
                              G:\LlilumRepo2\llilum\Zelig\mbed/TARGET_NUCLEO_L152RE/TOOLCHAIN_GCC_ARM/retarget.o (operator delete(void*))
c:/arm_gcc/4.9/bin/../lib/gcc/arm-none-eabi/4.9.3/../../../../arm-none-eabi/lib/armv7-m\libstdc++_nano.a(new_op.o)
                              G:\LlilumRepo2\llilum\Zelig\mbed/TARGET_NUCLEO_L152RE/TOOLCHAIN_GCC_ARM\libmbed.a(FileSystemLike.o) (operator new(unsigned int))
c:/arm_gcc/4.9/bin/../lib/gcc/arm-none-eabi/4.9.3/../../../../arm-none-eabi/lib/armv7-m\libstdc++_nano.a(new_handler.o)
                              c:/arm_gcc/4.9/bin/../lib/gcc/arm-none-eabi/4.9.3/../../../../arm-none-eabi/lib/armv7-m\libstdc++_nano.a(new_op.o) (std::get_new_handler())
c:/arm_gcc/4.9/bin/../lib/gcc/arm-none-eabi/4.9.3/../../../../arm-none-eabi/lib/armv7-m\libc_nano.a(lib_a-abort.o)
                              c:/arm_gcc/4.9/bin/../lib/gcc/arm-none-eabi/4.9.3/../../../../arm-none-eabi/lib/armv7-m\libstdc++_nano.a(new_op.o) (abort)
[...]
Memory Configuration

Name             Origin             Length             Attributes
FLASH            0x08000000         0x00080000         xr
RAM              0x2000013c         0x00013ec4         xrw
*default*        0x00000000         0xffffffff

Linker script and memory map

LOAD c:/arm_gcc/4.9/bin/../lib/gcc/arm-none-eabi/4.9.3/armv7-m/crti.o
LOAD c:/arm_gcc/4.9/bin/../lib/gcc/arm-none-eabi/4.9.3/armv7-m/crtbegin.o
LOAD c:/arm_gcc/4.9/bin/../lib/gcc/arm-none-eabi/4.9.3/../../../../arm-none-eabi/lib/armv7-m/crt0.o
LOAD .\Microsoft.Zelig.Test.mbed.Simple_opt.o
LOAD STM32L152\InteropExports_adc.o
LOAD STM32L152\InteropExports_clock.o
LOAD STM32L152\InteropExports_core.o
LOAD STM32L152\InteropExports_debug.o
LOAD STM32L152\InteropExports_gpio.o
LOAD STM32L152\InteropExports_i2c.o
LOAD STM32L152\InteropExports_mem.o
LOAD STM32L152\InteropExports_NVIC.o
LOAD STM32L152\InteropExports_serial.o
LOAD STM32L152\InteropExports_spi.o
LOAD STM32L152\InteropExports_system_timer.o
LOAD STM32L152\InteropExports_SysTick.o
LOAD STM32L152\InteropExports_threading.o
LOAD STM32L152\startup_stm32l152xe.o
LOAD G:\LlilumRepo2\llilum\Zelig\mbed/TARGET_NUCLEO_L152RE/TOOLCHAIN_GCC_ARM/stm32l1xx_hal_flash_ramfunc.o
LOAD G:\LlilumRepo2\llilum\Zelig\mbed/TARGET_NUCLEO_L152RE/TOOLCHAIN_GCC_ARM/board.o
LOAD G:\LlilumRepo2\llilum\Zelig\mbed/TARGET_NUCLEO_L152RE/TOOLCHAIN_GCC_ARM/cmsis_nvic.o
LOAD G:\LlilumRepo2\llilum\Zelig\mbed/TARGET_NUCLEO_L152RE/TOOLCHAIN_GCC_ARM/hal_tick.o
LOAD G:\LlilumRepo2\llilum\Zelig\mbed/TARGET_NUCLEO_L152RE/TOOLCHAIN_GCC_ARM/mbed_overrides.o
LOAD G:\LlilumRepo2\llilum\Zelig\mbed/TARGET_NUCLEO_L152RE/TOOLCHAIN_GCC_ARM/retarget.o
LOAD G:\LlilumRepo2\llilum\Zelig\mbed/TARGET_NUCLEO_L152RE/TOOLCHAIN_GCC_ARM/stm32l1xx_hal.o
LOAD G:\LlilumRepo2\llilum\Zelig\mbed/TARGET_NUCLEO_L152RE/TOOLCHAIN_GCC_ARM/stm32l1xx_hal_adc.o
LOAD G:\LlilumRepo2\llilum\Zelig\mbed/TARGET_NUCLEO_L152RE/TOOLCHAIN_GCC_ARM/stm32l1xx_hal_adc_ex.o
LOAD G:\LlilumRepo2\llilum\Zelig\mbed/TARGET_NUCLEO_L152RE/TOOLCHAIN_GCC_ARM/stm32l1xx_hal_comp.o
LOAD G:\LlilumRepo2\llilum\Zelig\mbed/TARGET_NUCLEO_L152RE/TOOLCHAIN_GCC_ARM/stm32l1xx_hal_cortex.o
LOAD G:\LlilumRepo2\llilum\Zelig\mbed/TARGET_NUCLEO_L152RE/TOOLCHAIN_GCC_ARM/stm32l1xx_hal_crc.o
LOAD G:\LlilumRepo2\llilum\Zelig\mbed/TARGET_NUCLEO_L152RE/TOOLCHAIN_GCC_ARM/stm32l1xx_hal_cryp.o
LOAD G:\LlilumRepo2\llilum\Zelig\mbed/TARGET_NUCLEO_L152RE/TOOLCHAIN_GCC_ARM/stm32l1xx_hal_cryp_ex.o
LOAD G:\LlilumRepo2\llilum\Zelig\mbed/TARGET_NUCLEO_L152RE/TOOLCHAIN_GCC_ARM/stm32l1xx_hal_dac.o
LOAD G:\LlilumRepo2\llilum\Zelig\mbed/TARGET_NUCLEO_L152RE/TOOLCHAIN_GCC_ARM/stm32l1xx_hal_dac_ex.o
LOAD G:\LlilumRepo2\llilum\Zelig\mbed/TARGET_NUCLEO_L152RE/TOOLCHAIN_GCC_ARM/stm32l1xx_hal_dma.o
LOAD G:\LlilumRepo2\llilum\Zelig\mbed/TARGET_NUCLEO_L152RE/TOOLCHAIN_GCC_ARM/stm32l1xx_hal_flash.o
LOAD G:\LlilumRepo2\llilum\Zelig\mbed/TARGET_NUCLEO_L152RE/TOOLCHAIN_GCC_ARM/stm32l1xx_hal_flash_ex.o
LOAD G:\LlilumRepo2\llilum\Zelig\mbed/TARGET_NUCLEO_L152RE/TOOLCHAIN_GCC_ARM/stm32l1xx_hal_smartcard.o
LOAD G:\LlilumRepo2\llilum\Zelig\mbed/TARGET_NUCLEO_L152RE/TOOLCHAIN_GCC_ARM/stm32l1xx_hal_gpio.o
LOAD G:\LlilumRepo2\llilum\Zelig\mbed/TARGET_NUCLEO_L152RE/TOOLCHAIN_GCC_ARM/stm32l1xx_hal_i2c.o
LOAD G:\LlilumRepo2\llilum\Zelig\mbed/TARGET_NUCLEO_L152RE/TOOLCHAIN_GCC_ARM/stm32l1xx_hal_i2s.o
LOAD G:\LlilumRepo2\llilum\Zelig\mbed/TARGET_NUCLEO_L152RE/TOOLCHAIN_GCC_ARM/stm32l1xx_hal_irda.o
LOAD G:\LlilumRepo2\llilum\Zelig\mbed/TARGET_NUCLEO_L152RE/TOOLCHAIN_GCC_ARM/stm32l1xx_hal_iwdg.o
LOAD G:\LlilumRepo2\llilum\Zelig\mbed/TARGET_NUCLEO_L152RE/TOOLCHAIN_GCC_ARM/stm32l1xx_hal_lcd.o
LOAD G:\LlilumRepo2\llilum\Zelig\mbed/TARGET_NUCLEO_L152RE/TOOLCHAIN_GCC_ARM/stm32l1xx_hal_nor.o
LOAD G:\LlilumRepo2\llilum\Zelig\mbed/TARGET_NUCLEO_L152RE/TOOLCHAIN_GCC_ARM/stm32l1xx_hal_opamp.o
LOAD G:\LlilumRepo2\llilum\Zelig\mbed/TARGET_NUCLEO_L152RE/TOOLCHAIN_GCC_ARM/stm32l1xx_hal_opamp_ex.o
LOAD G:\LlilumRepo2\llilum\Zelig\mbed/TARGET_NUCLEO_L152RE/TOOLCHAIN_GCC_ARM/stm32l1xx_hal_pcd.o
LOAD G:\LlilumRepo2\llilum\Zelig\mbed/TARGET_NUCLEO_L152RE/TOOLCHAIN_GCC_ARM/stm32l1xx_hal_pcd_ex.o
LOAD G:\LlilumRepo2\llilum\Zelig\mbed/TARGET_NUCLEO_L152RE/TOOLCHAIN_GCC_ARM/stm32l1xx_hal_pwr.o
LOAD G:\LlilumRepo2\llilum\Zelig\mbed/TARGET_NUCLEO_L152RE/TOOLCHAIN_GCC_ARM/stm32l1xx_hal_pwr_ex.o
LOAD G:\LlilumRepo2\llilum\Zelig\mbed/TARGET_NUCLEO_L152RE/TOOLCHAIN_GCC_ARM/stm32l1xx_hal_rcc.o
LOAD G:\LlilumRepo2\llilum\Zelig\mbed/TARGET_NUCLEO_L152RE/TOOLCHAIN_GCC_ARM/stm32l1xx_hal_rcc_ex.o
LOAD G:\LlilumRepo2\llilum\Zelig\mbed/TARGET_NUCLEO_L152RE/TOOLCHAIN_GCC_ARM/stm32l1xx_hal_rtc.o
LOAD G:\LlilumRepo2\llilum\Zelig\mbed/TARGET_NUCLEO_L152RE/TOOLCHAIN_GCC_ARM/stm32l1xx_hal_rtc_ex.o
LOAD G:\LlilumRepo2\llilum\Zelig\mbed/TARGET_NUCLEO_L152RE/TOOLCHAIN_GCC_ARM/stm32l1xx_hal_sd.o
LOAD G:\LlilumRepo2\llilum\Zelig\mbed/TARGET_NUCLEO_L152RE/TOOLCHAIN_GCC_ARM/stm32l1xx_hal_spi.o
LOAD G:\LlilumRepo2\llilum\Zelig\mbed/TARGET_NUCLEO_L152RE/TOOLCHAIN_GCC_ARM/stm32l1xx_hal_spi_ex.o
LOAD G:\LlilumRepo2\llilum\Zelig\mbed/TARGET_NUCLEO_L152RE/TOOLCHAIN_GCC_ARM/stm32l1xx_hal_sram.o
LOAD G:\LlilumRepo2\llilum\Zelig\mbed/TARGET_NUCLEO_L152RE/TOOLCHAIN_GCC_ARM/stm32l1xx_hal_tim.o
LOAD G:\LlilumRepo2\llilum\Zelig\mbed/TARGET_NUCLEO_L152RE/TOOLCHAIN_GCC_ARM/stm32l1xx_hal_tim_ex.o
LOAD G:\LlilumRepo2\llilum\Zelig\mbed/TARGET_NUCLEO_L152RE/TOOLCHAIN_GCC_ARM/stm32l1xx_hal_uart.o
LOAD G:\LlilumRepo2\llilum\Zelig\mbed/TARGET_NUCLEO_L152RE/TOOLCHAIN_GCC_ARM/stm32l1xx_hal_usart.o
LOAD G:\LlilumRepo2\llilum\Zelig\mbed/TARGET_NUCLEO_L152RE/TOOLCHAIN_GCC_ARM/stm32l1xx_hal_wwdg.o
LOAD G:\LlilumRepo2\llilum\Zelig\mbed/TARGET_NUCLEO_L152RE/TOOLCHAIN_GCC_ARM/stm32l1xx_ll_fsmc.o
LOAD G:\LlilumRepo2\llilum\Zelig\mbed/TARGET_NUCLEO_L152RE/TOOLCHAIN_GCC_ARM/stm32l1xx_ll_sdmmc.o
LOAD G:\LlilumRepo2\llilum\Zelig\mbed/TARGET_NUCLEO_L152RE/TOOLCHAIN_GCC_ARM/system_stm32l1xx.o
LOAD G:\LlilumRepo2\llilum\Zelig\mbed/TARGET_NUCLEO_L152RE/TOOLCHAIN_GCC_ARM\libmbed.a
LOAD c:/arm_gcc/4.9/bin/../lib/gcc/arm-none-eabi/4.9.3/../../../../arm-none-eabi/lib/armv7-m\libstdc++_nano.a
LOAD c:/arm_gcc/4.9/bin/../lib/gcc/arm-none-eabi/4.9.3/../../../../arm-none-eabi/lib/armv7-m\libsupc++_nano.a
LOAD c:/arm_gcc/4.9/bin/../lib/gcc/arm-none-eabi/4.9.3/../../../../arm-none-eabi/lib/armv7-m\libm.a
LOAD c:/arm_gcc/4.9/bin/../lib/gcc/arm-none-eabi/4.9.3/../../../../arm-none-eabi/lib/armv7-m\libc_nano.a
LOAD c:/arm_gcc/4.9/bin/../lib/gcc/arm-none-eabi/4.9.3/armv7-m\libgcc.a
LOAD c:/arm_gcc/4.9/bin/../lib/gcc/arm-none-eabi/4.9.3/../../../../arm-none-eabi/lib/armv7-m\libnosys.a
LOAD G:\LlilumRepo2\llilum\Zelig\mbed/TARGET_NUCLEO_L152RE/TOOLCHAIN_GCC_ARM\libmbed.a
LOAD c:/arm_gcc/4.9/bin/../lib/gcc/arm-none-eabi/4.9.3/../../../../arm-none-eabi/lib/armv7-m\libstdc++_nano.a
LOAD c:/arm_gcc/4.9/bin/../lib/gcc/arm-none-eabi/4.9.3/../../../../arm-none-eabi/lib/armv7-m\libsupc++_nano.a
LOAD c:/arm_gcc/4.9/bin/../lib/gcc/arm-none-eabi/4.9.3/../../../../arm-none-eabi/lib/armv7-m\libm.a
LOAD c:/arm_gcc/4.9/bin/../lib/gcc/arm-none-eabi/4.9.3/../../../../arm-none-eabi/lib/armv7-m\libc_nano.a
LOAD c:/arm_gcc/4.9/bin/../lib/gcc/arm-none-eabi/4.9.3/armv7-m\libgcc.a
LOAD c:/arm_gcc/4.9/bin/../lib/gcc/arm-none-eabi/4.9.3/../../../../arm-none-eabi/lib/armv7-m\libnosys.a
START GROUP
LOAD c:/arm_gcc/4.9/bin/../lib/gcc/arm-none-eabi/4.9.3/armv7-m\libgcc.a
LOAD c:/arm_gcc/4.9/bin/../lib/gcc/arm-none-eabi/4.9.3/../../../../arm-none-eabi/lib/armv7-m\libc_nano.a
END GROUP
START GROUP
LOAD c:/arm_gcc/4.9/bin/../lib/gcc/arm-none-eabi/4.9.3/armv7-m\libgcc.a
LOAD c:/arm_gcc/4.9/bin/../lib/gcc/arm-none-eabi/4.9.3/../../../../arm-none-eabi/lib/armv7-m\libc_nano.a
END GROUP
LOAD c:/arm_gcc/4.9/bin/../lib/gcc/arm-none-eabi/4.9.3/armv7-m/crtend.o
LOAD c:/arm_gcc/4.9/bin/../lib/gcc/arm-none-eabi/4.9.3/armv7-m/crtn.o

.text           0x08000000    0x1ee38
 *(.isr_vector)
 .isr_vector    0x08000000      0x13c STM32L152\startup_stm32l152xe.o
                0x08000000                g_pfnVectors
 *(.text*)
 .text          0x0800013c       0x5c c:/arm_gcc/4.9/bin/../lib/gcc/arm-none-eabi/4.9.3/armv7-m/crtbegin.o
 .text          0x08000198       0x74 c:/arm_gcc/4.9/bin/../lib/gcc/arm-none-eabi/4.9.3/../../../../arm-none-eabi/lib/armv7-m/crt0.o
                0x08000198                _start
                0x08000198                _mainCRTStartup
 *fill*         0x0800020c        0x4 
 .text          0x08000210    0x153b4 .\Microsoft.Zelig.Test.mbed.Simple_opt.o
                0x08000210                HardFault_Handler
                0x0800026c                MemManage_Handler_Zelig
                0x080002e0                UsageFault_Handler_Zelig
                0x08000324                BusFault_Handler_Zelig
                0x08000398                main
                0x080003d0                SVC_Handler_Zelig
                0x08000418                PendSV_Handler_Zelig
                0x0800049c                AnyInterrupt
                0x0800049e                SVC_Handler_Zelig_VFP_NoFPContext
                0x08000500                PendSV_Handler_Zelig_VFP
                0x080005a8                AnyInterrupt.1
                0x080005ee                SystemTimer_Handler
                0x080006a4                SysTick_Handler_Zelig
                0x08008bb8                HandleGpioInterrupt
                0x08008c20                HandleSerialPortInterrupt
 .text.tmp_adc_alloc_init
                0x080155c4       0x30 STM32L152\InteropExports_adc.o
                0x080155c4                tmp_adc_alloc_init
 .text.tmp_adc_read_u16
                0x080155f4       0x18 STM32L152\InteropExports_adc.o
                0x080155f4                tmp_adc_read_u16
 .text.tmp_adc_free
                0x0801560c       0x14 STM32L152\InteropExports_adc.o
                0x0801560c                tmp_adc_free
 .text.CMSIS_STUB_CLOCK__GetSystemCoreClock
                0x08015620        0xc STM32L152\InteropExports_clock.o
                0x08015620                CMSIS_STUB_CLOCK__GetSystemCoreClock
 .text.CMSIS_STUB_SCB__get_CONTROL
                0x0801562c       0x14 STM32L152\InteropExports_core.o
                0x0801562c                CMSIS_STUB_SCB__get_CONTROL
 .text.CMSIS_STUB_SCB__get_IPSR
                0x08015640       0x14 STM32L152\InteropExports_core.o
                0x08015640                CMSIS_STUB_SCB__get_IPSR
 .text.CMSIS_STUB_SCB__set_PSP
                0x08015654       0x18 STM32L152\InteropExports_core.o
                0x08015654                CMSIS_STUB_SCB__set_PSP
 .text.CMSIS_STUB_SCB__get_BASEPRI
                0x0801566c       0x14 STM32L152\InteropExports_core.o
                0x0801566c                CMSIS_STUB_SCB__get_BASEPRI
 .text.CMSIS_STUB_SCB__set_BASEPRI
                0x08015680       0x44 STM32L152\InteropExports_core.o
                0x08015680                CMSIS_STUB_SCB__set_BASEPRI
 .text.CUSTOM_STUB_SCB__get_FPCCR
                0x080156c4        0xc STM32L152\InteropExports_core.o
                0x080156c4                CUSTOM_STUB_SCB__get_FPCCR
 .text.CUSTOM_STUB_SCB__set_FPCCR
                0x080156d0       0x14 STM32L152\InteropExports_core.o
                0x080156d0                CUSTOM_STUB_SCB__set_FPCCR
 .text.CUSTOM_STUB_SCB_set_CCR
                0x080156e4       0x14 STM32L152\InteropExports_core.o
                0x080156e4                CUSTOM_STUB_SCB_set_CCR
 .text.CUSTOM_STUB_SCB_SHCRS_EnableSystemHandler
                0x080156f8       0x20 STM32L152\InteropExports_core.o
                0x080156f8                CUSTOM_STUB_SCB_SHCRS_EnableSystemHandler
 .text.CUSTOM_STUB_SCB_ICSR_RaiseSystemException
                0x08015718       0x20 STM32L152\InteropExports_core.o
                0x08015718                CUSTOM_STUB_SCB_ICSR_RaiseSystemException
 .text.CUSTOM_STUB_SCB_SCR_SetSystemControlRegister
                0x08015738       0x14 STM32L152\InteropExports_core.o
                0x08015738                CUSTOM_STUB_SCB_SCR_SetSystemControlRegister
 .text.CMSIS_STUB_POWER_WaitForEvent
                0x0801574c        0x4 STM32L152\InteropExports_core.o
                0x0801574c                CMSIS_STUB_POWER_WaitForEvent
 .text.CUSTOM_STUB_RaiseSupervisorCallForLongJump
                0x08015750        0x4 STM32L152\InteropExports_core.o
                0x08015750                CUSTOM_STUB_RaiseSupervisorCallForLongJump
 *fill*         0x08015754        0x4 
 .text.CUSTOM_STUB_RaiseSupervisorCallForStartThreads
                0x08015758        0x4 STM32L152\InteropExports_core.o
                0x08015758                CUSTOM_STUB_RaiseSupervisorCallForStartThreads
 *fill*         0x0801575c        0x4 
 .text.CUSTOM_STUB_RaiseSupervisorCallForRetireThread
                0x08015760        0x4 STM32L152\InteropExports_core.o
                0x08015760                CUSTOM_STUB_RaiseSupervisorCallForRetireThread
 .text.PendSV_Handler
                0x08015764       0x28 STM32L152\InteropExports_core.o
                0x08015764                PendSV_Handler
 .text.CUSTOM_STUB_SetExcReturn
                0x0801578c       0x14 STM32L152\InteropExports_core.o
                0x0801578c                CUSTOM_STUB_SetExcReturn
 .text.SVC_Handler
                0x080157a0       0x28 STM32L152\InteropExports_core.o
                0x080157a0                SVC_Handler
 .text.Break    0x080157c8        0x4 STM32L152\InteropExports_debug.o
                0x080157c8                Break
 .text.Breakpoint
                0x080157cc       0x1c STM32L152\InteropExports_debug.o
                0x080157cc                Breakpoint
 .text.Nop      0x080157e8        0x4 STM32L152\InteropExports_debug.o
                0x080157e8                Nop
 .text.ConvertToCharString
                0x080157ec       0x48 STM32L152\InteropExports_debug.o
                0x080157ec                ConvertToCharString
 .text.DebugLogPrint
                0x08015834        0x8 STM32L152\InteropExports_debug.o
                0x08015834                DebugLogPrint
 .text.DebugLog0
                0x0801583c       0x4c STM32L152\InteropExports_debug.o
                0x0801583c                DebugLog0
 .text.DebugLog1
                0x08015888       0x64 STM32L152\InteropExports_debug.o
                0x08015888                DebugLog1
 .text.CUSTOM_STUB_DebuggerConnected
                0x080158ec       0x10 STM32L152\InteropExports_debug.o
                0x080158ec                CUSTOM_STUB_DebuggerConnected
 .text.CUSTOM_STUB_SCB__get_CFSR
                0x080158fc        0xc STM32L152\InteropExports_debug.o
                0x080158fc                CUSTOM_STUB_SCB__get_CFSR
 .text.CUSTOM_STUB_SCB__get_HFSR
                0x08015908        0xc STM32L152\InteropExports_debug.o
                0x08015908                CUSTOM_STUB_SCB__get_HFSR
 .text.CUSTOM_STUB_SCB__get_MMFAR
                0x08015914        0xc STM32L152\InteropExports_debug.o
                0x08015914                CUSTOM_STUB_SCB__get_MMFAR
 .text.CUSTOM_STUB_SCB__get_BFAR
                0x08015920        0xc STM32L152\InteropExports_debug.o
                0x08015920                CUSTOM_STUB_SCB__get_BFAR
 .text.MemManage_Handler
                0x0801592c       0x14 STM32L152\InteropExports_debug.o
                0x0801592c                MemManage_Handler
 .text.BusFault_Handler
                0x08015940       0x14 STM32L152\InteropExports_debug.o
                0x08015940                BusFault_Handler
 .text.UsageFault_Handler
                0x08015954       0x14 STM32L152\InteropExports_debug.o
                0x08015954                UsageFault_Handler
 .text.gpio_write
                0x08015968       0x48 STM32L152\InteropExports_gpio.o
 .text.tmp_gpio_write
                0x080159b0       0x18 STM32L152\InteropExports_gpio.o
                0x080159b0                tmp_gpio_write
 .text.tmp_gpio_alloc_init
                0x080159c8       0x30 STM32L152\InteropExports_gpio.o
                0x080159c8                tmp_gpio_alloc_init
 .text.tmp_gpio_free
                0x080159f8       0x14 STM32L152\InteropExports_gpio.o
                0x080159f8                tmp_gpio_free
 .text.tmp_gpio_dir
                0x08015a0c       0x1c STM32L152\InteropExports_gpio.o
                0x08015a0c                tmp_gpio_dir
 .text.tmp_gpio_mode
                0x08015a28       0x1c STM32L152\InteropExports_gpio.o
                0x08015a28                tmp_gpio_mode
 .text.tmp_gpio_irq_alloc
                0x08015a44       0x1c STM32L152\InteropExports_gpio.o
                0x08015a44                tmp_gpio_irq_alloc
 .text.tmp_gpio_irq_free
                0x08015a60       0x14 STM32L152\InteropExports_gpio.o
                0x08015a60                tmp_gpio_irq_free
 .text.tmp_gpio_irq_uninit
                0x08015a74       0x14 STM32L152\InteropExports_gpio.o
                0x08015a74                tmp_gpio_irq_uninit
 .text.tmp_gpio_irq_set
                0x08015a88       0x20 STM32L152\InteropExports_gpio.o
                0x08015a88                tmp_gpio_irq_set
 .text.NVIC_SetPriorityGrouping
                0x08015aa8       0x3c STM32L152\InteropExports_NVIC.o
 .text.NVIC_SetPriority
                0x08015ae4       0x4c STM32L152\InteropExports_NVIC.o
 .text.CMSIS_STUB_NVIC_SetPriorityGrouping
                0x08015b30       0x18 STM32L152\InteropExports_NVIC.o
                0x08015b30                CMSIS_STUB_NVIC_SetPriorityGrouping
 .text.CMSIS_STUB_NVIC_SetPriority
                0x08015b48       0x24 STM32L152\InteropExports_NVIC.o
                0x08015b48                CMSIS_STUB_NVIC_SetPriority
 .text.tmp_timer_event_alloc
                0x08015b6c       0x1c STM32L152\InteropExports_system_timer.o
                0x08015b6c                tmp_timer_event_alloc
 .text.tmp_sys_timer_read
                0x08015b88        0xc STM32L152\InteropExports_system_timer.o
                0x08015b88                tmp_sys_timer_read
 .text.tmp_interrupt_handler
                0x08015b94       0x14 STM32L152\InteropExports_system_timer.o
                0x08015b94                tmp_interrupt_handler
 .text.tmp_sys_timer_init
                0x08015ba8       0x1c STM32L152\InteropExports_system_timer.o
                0x08015ba8                tmp_sys_timer_init
 .text.tmp_sys_timer_insert_event
                0x08015bc4       0x28 STM32L152\InteropExports_system_timer.o
                0x08015bc4                tmp_sys_timer_insert_event
 .text.tmp_sys_timer_remove_event
                0x08015bec       0x1c STM32L152\InteropExports_system_timer.o
                0x08015bec                tmp_sys_timer_remove_event
 .text.CMSIS_STUB_SysTick_GetCTRL
                0x08015c08        0xc STM32L152\InteropExports_SysTick.o
                0x08015c08                CMSIS_STUB_SysTick_GetCTRL
 .text.CMSIS_STUB_SysTick_SetCTRL
                0x08015c14       0x14 STM32L152\InteropExports_SysTick.o
                0x08015c14                CMSIS_STUB_SysTick_SetCTRL
 .text.CMSIS_STUB_SysTick_SetLOAD
                0x08015c28       0x1c STM32L152\InteropExports_SysTick.o
                0x08015c28                CMSIS_STUB_SysTick_SetLOAD
 .text.CMSIS_STUB_SysTick_GetVAL
                0x08015c44       0x10 STM32L152\InteropExports_SysTick.o
                0x08015c44                CMSIS_STUB_SysTick_GetVAL
 .text.CMSIS_STUB_SysTick_SetVAL
                0x08015c54       0x1c STM32L152\InteropExports_SysTick.o
                0x08015c54                CMSIS_STUB_SysTick_SetVAL
 .text.CMSIS_STUB_SysTick_GetCALIB
                0x08015c70        0xc STM32L152\InteropExports_SysTick.o
                0x08015c70                CMSIS_STUB_SysTick_GetCALIB
 .text.SysTick_Handler
                0x08015c7c       0x10 STM32L152\InteropExports_SysTick.o
                0x08015c7c                SysTick_Handler
 .text.Reset_Handler
                0x08015c8c       0x4c STM32L152\startup_stm32l152xe.o
                0x08015c8c                Reset_Handler
 .text.Default_Handler
                0x08015cd8        0x2 STM32L152\startup_stm32l152xe.o
                0x08015cd8                RTC_Alarm_IRQHandler
                0x08015cd8                EXTI2_IRQHandler
                0x08015cd8                COMP_ACQ_IRQHandler
                0x08015cd8                DebugMon_Handler
                0x08015cd8                TIM10_IRQHandler
                0x08015cd8                USB_HP_IRQHandler
                0x08015cd8                TIM6_IRQHandler
                0x08015cd8                PVD_IRQHandler
                0x08015cd8                NMI_Handler
                0x08015cd8                EXTI3_IRQHandler
                0x08015cd8                EXTI0_IRQHandler
                0x08015cd8                I2C2_EV_IRQHandler
                0x08015cd8                SPI1_IRQHandler
                0x08015cd8                USB_FS_WKUP_IRQHandler
                0x08015cd8                DMA2_Channel2_IRQHandler
                0x08015cd8                DMA1_Channel4_IRQHandler
                0x08015cd8                ADC1_IRQHandler
                0x08015cd8                USART3_IRQHandler
                0x08015cd8                DMA1_Channel7_IRQHandler
                0x08015cd8                LCD_IRQHandler
                0x08015cd8                UART5_IRQHandler
                0x08015cd8                TIM4_IRQHandler
                0x08015cd8                DMA2_Channel1_IRQHandler
                0x08015cd8                I2C1_EV_IRQHandler
                0x08015cd8                DMA1_Channel6_IRQHandler
                0x08015cd8                UART4_IRQHandler
                0x08015cd8                DMA2_Channel4_IRQHandler
                0x08015cd8                TIM3_IRQHandler
                0x08015cd8                RCC_IRQHandler
                0x08015cd8                DMA1_Channel1_IRQHandler
                0x08015cd8                Default_Handler
                0x08015cd8                EXTI15_10_IRQHandler
                0x08015cd8                TIM7_IRQHandler
                0x08015cd8                TIM5_IRQHandler
                0x08015cd8                EXTI9_5_IRQHandler
                0x08015cd8                TIM9_IRQHandler
                0x08015cd8                TAMPER_STAMP_IRQHandler
                0x08015cd8                RTC_WKUP_IRQHandler
                0x08015cd8                SPI2_IRQHandler
                0x08015cd8                DMA2_Channel5_IRQHandler
                0x08015cd8                DMA1_Channel5_IRQHandler
                0x08015cd8                USB_LP_IRQHandler
                0x08015cd8                EXTI4_IRQHandler
                0x08015cd8                DMA1_Channel3_IRQHandler
                0x08015cd8                COMP_IRQHandler
                0x08015cd8                WWDG_IRQHandler
                0x08015cd8                TIM2_IRQHandler
                0x08015cd8                DAC_IRQHandler
                0x08015cd8                EXTI1_IRQHandler
                0x08015cd8                TIM11_IRQHandler
                0x08015cd8                USART2_IRQHandler
                0x08015cd8                I2C2_ER_IRQHandler
                0x08015cd8                DMA1_Channel2_IRQHandler
                0x08015cd8                FLASH_IRQHandler
                0x08015cd8                USART1_IRQHandler
                0x08015cd8                SPI3_IRQHandler
                0x08015cd8                I2C1_ER_IRQHandler
                0x08015cd8                DMA2_Channel3_IRQHandler
 *fill*         0x08015cda        0x2 
 .text.mbed_die
                0x08015cdc       0x14 G:\LlilumRepo2\llilum\Zelig\mbed/TARGET_NUCLEO_L152RE/TOOLCHAIN_GCC_ARM/board.o
                0x08015cdc                mbed_die
 .text.NVIC_SetVector
                0x08015cf0       0x48 G:\LlilumRepo2\llilum\Zelig\mbed/TARGET_NUCLEO_L152RE/TOOLCHAIN_GCC_ARM/cmsis_nvic.o
                0x08015cf0                NVIC_SetVector
 .text.timer_irq_handler
                0x08015d38       0x48 G:\LlilumRepo2\llilum\Zelig\mbed/TARGET_NUCLEO_L152RE/TOOLCHAIN_GCC_ARM/hal_tick.o
                0x08015d38                timer_irq_handler
 .text.HAL_InitTick
                0x08015d80       0xa4 G:\LlilumRepo2\llilum\Zelig\mbed/TARGET_NUCLEO_L152RE/TOOLCHAIN_GCC_ARM/hal_tick.o
                0x08015d80                HAL_InitTick
 .text.mbed_sdk_init
                0x08015e24        0x4 G:\LlilumRepo2\llilum\Zelig\mbed/TARGET_NUCLEO_L152RE/TOOLCHAIN_GCC_ARM/mbed_overrides.o
                0x08015e24                mbed_sdk_init
 .text._ZL11init_serialv.part.0
                0x08015e28       0x10 G:\LlilumRepo2\llilum\Zelig\mbed/TARGET_NUCLEO_L152RE/TOOLCHAIN_GCC_ARM/retarget.o
 .text._close   0x08015e38       0x2c G:\LlilumRepo2\llilum\Zelig\mbed/TARGET_NUCLEO_L152RE/TOOLCHAIN_GCC_ARM/retarget.o
                0x08015e38                _close
 .text._write   0x08015e64       0x50 G:\LlilumRepo2\llilum\Zelig\mbed/TARGET_NUCLEO_L152RE/TOOLCHAIN_GCC_ARM/retarget.o
                0x08015e64                _write
 .text._read    0x08015eb4       0x4c G:\LlilumRepo2\llilum\Zelig\mbed/TARGET_NUCLEO_L152RE/TOOLCHAIN_GCC_ARM/retarget.o
                0x08015eb4                _read
 .text._isatty  0x08015f00       0x28 G:\LlilumRepo2\llilum\Zelig\mbed/TARGET_NUCLEO_L152RE/TOOLCHAIN_GCC_ARM/retarget.o
                0x08015f00                _isatty
 .text._lseek   0x08015f28       0x28 G:\LlilumRepo2\llilum\Zelig\mbed/TARGET_NUCLEO_L152RE/TOOLCHAIN_GCC_ARM/retarget.o
                0x08015f28                _lseek
 .text._fstat   0x08015f50       0x20 G:\LlilumRepo2\llilum\Zelig\mbed/TARGET_NUCLEO_L152RE/TOOLCHAIN_GCC_ARM/retarget.o
                0x08015f50                _fstat
 .text.mbed_main
                0x08015f70        0x4 G:\LlilumRepo2\llilum\Zelig\mbed/TARGET_NUCLEO_L152RE/TOOLCHAIN_GCC_ARM/retarget.o
                0x08015f70                mbed_main
 .text.__wrap_main
                0x08015f74       0x14 G:\LlilumRepo2\llilum\Zelig\mbed/TARGET_NUCLEO_L152RE/TOOLCHAIN_GCC_ARM/retarget.o
                0x08015f74                __wrap_main
 .text._sbrk    0x08015f88       0x28 G:\LlilumRepo2\llilum\Zelig\mbed/TARGET_NUCLEO_L152RE/TOOLCHAIN_GCC_ARM/retarget.o
                0x08015f88                _sbrk
 .text._exit    0x08015fb0       0x24 G:\LlilumRepo2\llilum\Zelig\mbed/TARGET_NUCLEO_L152RE/TOOLCHAIN_GCC_ARM/retarget.o
                0x08015fb0                _exit
 .text.HAL_MspInit
                0x08015fd4        0x4 G:\LlilumRepo2\llilum\Zelig\mbed/TARGET_NUCLEO_L152RE/TOOLCHAIN_GCC_ARM/stm32l1xx_hal.o
                0x08015fd4                HAL_MspInit
 .text.HAL_Init
                0x08015fd8       0x2c G:\LlilumRepo2\llilum\Zelig\mbed/TARGET_NUCLEO_L152RE/TOOLCHAIN_GCC_ARM/stm32l1xx_hal.o
                0x08015fd8                HAL_Init
 .text.HAL_IncTick
                0x08016004       0x10 G:\LlilumRepo2\llilum\Zelig\mbed/TARGET_NUCLEO_L152RE/TOOLCHAIN_GCC_ARM/stm32l1xx_hal.o
                0x08016004                HAL_IncTick
 .text.HAL_GetTick
                0x08016014        0xc G:\LlilumRepo2\llilum\Zelig\mbed/TARGET_NUCLEO_L152RE/TOOLCHAIN_GCC_ARM/stm32l1xx_hal.o
                0x08016014                HAL_GetTick
 .text.HAL_ADC_MspInit
                0x08016020        0x4 G:\LlilumRepo2\llilum\Zelig\mbed/TARGET_NUCLEO_L152RE/TOOLCHAIN_GCC_ARM/stm32l1xx_hal_adc.o
                0x08016020                HAL_ADC_MspInit
 .text.HAL_ADC_Init
                0x08016024      0x154 G:\LlilumRepo2\llilum\Zelig\mbed/TARGET_NUCLEO_L152RE/TOOLCHAIN_GCC_ARM/stm32l1xx_hal_adc.o
                0x08016024                HAL_ADC_Init
 .text.HAL_ADC_PollForConversion
                0x08016178       0x70 G:\LlilumRepo2\llilum\Zelig\mbed/TARGET_NUCLEO_L152RE/TOOLCHAIN_GCC_ARM/stm32l1xx_hal_adc.o
                0x08016178                HAL_ADC_PollForConversion
 .text.HAL_ADC_GetValue
                0x080161e8        0x8 G:\LlilumRepo2\llilum\Zelig\mbed/TARGET_NUCLEO_L152RE/TOOLCHAIN_GCC_ARM/stm32l1xx_hal_adc.o
                0x080161e8                HAL_ADC_GetValue
 .text.HAL_ADC_ConfigChannel
                0x080161f0      0x158 G:\LlilumRepo2\llilum\Zelig\mbed/TARGET_NUCLEO_L152RE/TOOLCHAIN_GCC_ARM/stm32l1xx_hal_adc.o
                0x080161f0                HAL_ADC_ConfigChannel
 .text.ADC_Enable
                0x08016348       0x48 G:\LlilumRepo2\llilum\Zelig\mbed/TARGET_NUCLEO_L152RE/TOOLCHAIN_GCC_ARM/stm32l1xx_hal_adc.o
                0x08016348                ADC_Enable
 .text.HAL_ADC_Start
                0x08016390       0x54 G:\LlilumRepo2\llilum\Zelig\mbed/TARGET_NUCLEO_L152RE/TOOLCHAIN_GCC_ARM/stm32l1xx_hal_adc.o
                0x08016390                HAL_ADC_Start
 .text.HAL_NVIC_SetPriorityGrouping
                0x080163e4       0x24 G:\LlilumRepo2\llilum\Zelig\mbed/TARGET_NUCLEO_L152RE/TOOLCHAIN_GCC_ARM/stm32l1xx_hal_cortex.o
                0x080163e4                HAL_NVIC_SetPriorityGrouping
 .text.HAL_GPIO_Init
                0x08016408      0x24c G:\LlilumRepo2\llilum\Zelig\mbed/TARGET_NUCLEO_L152RE/TOOLCHAIN_GCC_ARM/stm32l1xx_hal_gpio.o
                0x08016408                HAL_GPIO_Init
 .text.HAL_RCC_OscConfig
                0x08016654      0x7f8 G:\LlilumRepo2\llilum\Zelig\mbed/TARGET_NUCLEO_L152RE/TOOLCHAIN_GCC_ARM/stm32l1xx_hal_rcc.o
                0x08016654                HAL_RCC_OscConfig
 .text.HAL_RCC_ClockConfig
                0x08016e4c      0x34c G:\LlilumRepo2\llilum\Zelig\mbed/TARGET_NUCLEO_L152RE/TOOLCHAIN_GCC_ARM/stm32l1xx_hal_rcc.o
                0x08016e4c                HAL_RCC_ClockConfig
 .text.HAL_RCC_GetSysClockFreq
                0x08017198       0x9c G:\LlilumRepo2\llilum\Zelig\mbed/TARGET_NUCLEO_L152RE/TOOLCHAIN_GCC_ARM/stm32l1xx_hal_rcc.o
                0x08017198                HAL_RCC_GetSysClockFreq
 .text.HAL_RCC_GetHCLKFreq
                0x08017234       0x38 G:\LlilumRepo2\llilum\Zelig\mbed/TARGET_NUCLEO_L152RE/TOOLCHAIN_GCC_ARM/stm32l1xx_hal_rcc.o
                0x08017234                HAL_RCC_GetHCLKFreq
 .text.HAL_RCC_GetPCLK1Freq
                0x0801726c       0x30 G:\LlilumRepo2\llilum\Zelig\mbed/TARGET_NUCLEO_L152RE/TOOLCHAIN_GCC_ARM/stm32l1xx_hal_rcc.o
                0x0801726c                HAL_RCC_GetPCLK1Freq
 .text.HAL_RCC_GetPCLK2Freq
                0x0801729c       0x30 G:\LlilumRepo2\llilum\Zelig\mbed/TARGET_NUCLEO_L152RE/TOOLCHAIN_GCC_ARM/stm32l1xx_hal_rcc.o
                0x0801729c                HAL_RCC_GetPCLK2Freq
 .text.TIM_Base_SetConfig
                0x080172cc       0x64 G:\LlilumRepo2\llilum\Zelig\mbed/TARGET_NUCLEO_L152RE/TOOLCHAIN_GCC_ARM/stm32l1xx_hal_tim.o
 .text.HAL_TIM_OC_MspInit
                0x08017330        0x4 G:\LlilumRepo2\llilum\Zelig\mbed/TARGET_NUCLEO_L152RE/TOOLCHAIN_GCC_ARM/stm32l1xx_hal_tim.o
                0x08017330                HAL_TIM_OC_MspInit
 .text.HAL_TIM_OC_Init
                0x08017334       0x30 G:\LlilumRepo2\llilum\Zelig\mbed/TARGET_NUCLEO_L152RE/TOOLCHAIN_GCC_ARM/stm32l1xx_hal_tim.o
                0x08017334                HAL_TIM_OC_Init
 .text.HAL_TIM_OC_Start
                0x08017364       0x2c G:\LlilumRepo2\llilum\Zelig\mbed/TARGET_NUCLEO_L152RE/TOOLCHAIN_GCC_ARM/stm32l1xx_hal_tim.o
                0x08017364                HAL_TIM_OC_Start
 .text.UART_SetConfig
                0x08017390      0x1a0 G:\LlilumRepo2\llilum\Zelig\mbed/TARGET_NUCLEO_L152RE/TOOLCHAIN_GCC_ARM/stm32l1xx_hal_uart.o
 .text.HAL_UART_MspInit
                0x08017530        0x4 G:\LlilumRepo2\llilum\Zelig\mbed/TARGET_NUCLEO_L152RE/TOOLCHAIN_GCC_ARM/stm32l1xx_hal_uart.o
                0x08017530                HAL_UART_MspInit
 .text.HAL_UART_Init
                0x08017534       0x58 G:\LlilumRepo2\llilum\Zelig\mbed/TARGET_NUCLEO_L152RE/TOOLCHAIN_GCC_ARM/stm32l1xx_hal_uart.o
                0x08017534                HAL_UART_Init
 .text.SystemCoreClockUpdate
                0x0801758c       0x94 G:\LlilumRepo2\llilum\Zelig\mbed/TARGET_NUCLEO_L152RE/TOOLCHAIN_GCC_ARM/system_stm32l1xx.o
                0x0801758c                SystemCoreClockUpdate
 .text.SetSysClock_PLL_HSE
                0x08017620       0xb8 G:\LlilumRepo2\llilum\Zelig\mbed/TARGET_NUCLEO_L152RE/TOOLCHAIN_GCC_ARM/system_stm32l1xx.o
                0x08017620                SetSysClock_PLL_HSE
 .text.SetSysClock_PLL_HSI
                0x080176d8       0x7c G:\LlilumRepo2\llilum\Zelig\mbed/TARGET_NUCLEO_L152RE/TOOLCHAIN_GCC_ARM/system_stm32l1xx.o
                0x080176d8                SetSysClock_PLL_HSI
 .text.SetSysClock
                0x08017754       0x20 G:\LlilumRepo2\llilum\Zelig\mbed/TARGET_NUCLEO_L152RE/TOOLCHAIN_GCC_ARM/system_stm32l1xx.o
                0x08017754                SetSysClock
 .text.SystemInit
                0x08017774       0x70 G:\LlilumRepo2\llilum\Zelig\mbed/TARGET_NUCLEO_L152RE/TOOLCHAIN_GCC_ARM/system_stm32l1xx.o
                0x08017774                SystemInit
 .text.analogin_init
                0x080177e4       0xa0 G:\LlilumRepo2\llilum\Zelig\mbed/TARGET_NUCLEO_L152RE/TOOLCHAIN_GCC_ARM\libmbed.a(analogin_api.o)
                0x080177e4                analogin_init
 .text.analogin_read_u16
                0x08017884       0xf8 G:\LlilumRepo2\llilum\Zelig\mbed/TARGET_NUCLEO_L152RE/TOOLCHAIN_GCC_ARM\libmbed.a(analogin_api.o)
                0x08017884                analogin_read_u16
 .text.gpio_set
                0x0801797c       0x30 G:\LlilumRepo2\llilum\Zelig\mbed/TARGET_NUCLEO_L152RE/TOOLCHAIN_GCC_ARM\libmbed.a(gpio_api.o)
                0x0801797c                gpio_set
 .text.gpio_init
                0x080179ac       0x30 G:\LlilumRepo2\llilum\Zelig\mbed/TARGET_NUCLEO_L152RE/TOOLCHAIN_GCC_ARM\libmbed.a(gpio_api.o)
                0x080179ac                gpio_init
 .text.gpio_mode
                0x080179dc        0x8 G:\LlilumRepo2\llilum\Zelig\mbed/TARGET_NUCLEO_L152RE/TOOLCHAIN_GCC_ARM\libmbed.a(gpio_api.o)
                0x080179dc                gpio_mode
 .text.gpio_dir
                0x080179e4       0x40 G:\LlilumRepo2\llilum\Zelig\mbed/TARGET_NUCLEO_L152RE/TOOLCHAIN_GCC_ARM\libmbed.a(gpio_api.o)
                0x080179e4                gpio_dir
 .text.Set_GPIO_Clock
                0x08017a24       0x80 G:\LlilumRepo2\llilum\Zelig\mbed/TARGET_NUCLEO_L152RE/TOOLCHAIN_GCC_ARM\libmbed.a(pinmap.o)
                0x08017a24                Set_GPIO_Clock
 .text.pin_function
                0x08017aa4       0x60 G:\LlilumRepo2\llilum\Zelig\mbed/TARGET_NUCLEO_L152RE/TOOLCHAIN_GCC_ARM\libmbed.a(pinmap.o)
                0x08017aa4                pin_function
 .text.pin_mode
                0x08017b04       0x50 G:\LlilumRepo2\llilum\Zelig\mbed/TARGET_NUCLEO_L152RE/TOOLCHAIN_GCC_ARM\libmbed.a(pinmap.o)
                0x08017b04                pin_mode
 .text.gpio_irq_free
                0x08017b54       0x4c G:\LlilumRepo2\llilum\Zelig\mbed/TARGET_NUCLEO_L152RE/TOOLCHAIN_GCC_ARM\libmbed.a(gpio_irq_api.o)
                0x08017b54                gpio_irq_free
 .text.gpio_irq_set
                0x08017ba0       0x80 G:\LlilumRepo2\llilum\Zelig\mbed/TARGET_NUCLEO_L152RE/TOOLCHAIN_GCC_ARM\libmbed.a(gpio_irq_api.o)
                0x08017ba0                gpio_irq_set
 .text.init_uart
                0x08017c20       0x4c G:\LlilumRepo2\llilum\Zelig\mbed/TARGET_NUCLEO_L152RE/TOOLCHAIN_GCC_ARM\libmbed.a(serial_api.o)
 .text.serial_init
                0x08017c6c      0x100 G:\LlilumRepo2\llilum\Zelig\mbed/TARGET_NUCLEO_L152RE/TOOLCHAIN_GCC_ARM\libmbed.a(serial_api.o)
                0x08017c6c                serial_init
 .text.serial_getc
                0x08017d6c       0x18 G:\LlilumRepo2\llilum\Zelig\mbed/TARGET_NUCLEO_L152RE/TOOLCHAIN_GCC_ARM\libmbed.a(serial_api.o)
                0x08017d6c                serial_getc
 .text.serial_putc
                0x08017d84       0x18 G:\LlilumRepo2\llilum\Zelig\mbed/TARGET_NUCLEO_L152RE/TOOLCHAIN_GCC_ARM\libmbed.a(serial_api.o)
                0x08017d84                serial_putc
 .text.us_ticker_init
                0x08017d9c       0x2c G:\LlilumRepo2\llilum\Zelig\mbed/TARGET_NUCLEO_L152RE/TOOLCHAIN_GCC_ARM\libmbed.a(us_ticker.o)
                0x08017d9c                us_ticker_init
 .text.us_ticker_read
                0x08017dc8       0x1c G:\LlilumRepo2\llilum\Zelig\mbed/TARGET_NUCLEO_L152RE/TOOLCHAIN_GCC_ARM\libmbed.a(us_ticker.o)
                0x08017dc8                us_ticker_read
 .text.us_ticker_set_interrupt
                0x08017de4       0x14 G:\LlilumRepo2\llilum\Zelig\mbed/TARGET_NUCLEO_L152RE/TOOLCHAIN_GCC_ARM\libmbed.a(us_ticker.o)
                0x08017de4                us_ticker_set_interrupt
 .text.us_ticker_disable_interrupt
                0x08017df8       0x14 G:\LlilumRepo2\llilum\Zelig\mbed/TARGET_NUCLEO_L152RE/TOOLCHAIN_GCC_ARM\libmbed.a(us_ticker.o)
                0x08017df8                us_ticker_disable_interrupt
 .text.us_ticker_clear_interrupt
                0x08017e0c       0x10 G:\LlilumRepo2\llilum\Zelig\mbed/TARGET_NUCLEO_L152RE/TOOLCHAIN_GCC_ARM\libmbed.a(us_ticker.o)
                0x08017e0c                us_ticker_clear_interrupt
 .text.mbed_assert_internal
                0x08017e1c       0x18 G:\LlilumRepo2\llilum\Zelig\mbed/TARGET_NUCLEO_L152RE/TOOLCHAIN_GCC_ARM\libmbed.a(assert.o)
                0x08017e1c                mbed_assert_internal
 .text.error    0x08017e34       0x24 G:\LlilumRepo2\llilum\Zelig\mbed/TARGET_NUCLEO_L152RE/TOOLCHAIN_GCC_ARM\libmbed.a(error.o)
                0x08017e34                error
 .text.gpio_init_in
                0x08017e58       0x24 G:\LlilumRepo2\llilum\Zelig\mbed/TARGET_NUCLEO_L152RE/TOOLCHAIN_GCC_ARM\libmbed.a(gpio.o)
                0x08017e58                gpio_init_in
 .text.pinmap_pinout
                0x08017e7c       0x44 G:\LlilumRepo2\llilum\Zelig\mbed/TARGET_NUCLEO_L152RE/TOOLCHAIN_GCC_ARM\libmbed.a(pinmap_common.o)
                0x08017e7c                pinmap_pinout
 .text.pinmap_merge
                0x08017ec0       0x24 G:\LlilumRepo2\llilum\Zelig\mbed/TARGET_NUCLEO_L152RE/TOOLCHAIN_GCC_ARM\libmbed.a(pinmap_common.o)
                0x08017ec0                pinmap_merge
 .text.pinmap_peripheral
                0x08017ee4       0x34 G:\LlilumRepo2\llilum\Zelig\mbed/TARGET_NUCLEO_L152RE/TOOLCHAIN_GCC_ARM\libmbed.a(pinmap_common.o)
                0x08017ee4                pinmap_peripheral
 .text.ticker_set_handler
                0x08017f18       0x14 G:\LlilumRepo2\llilum\Zelig\mbed/TARGET_NUCLEO_L152RE/TOOLCHAIN_GCC_ARM\libmbed.a(ticker_api.o)
                0x08017f18                ticker_set_handler
 .text.ticker_irq_handler
                0x08017f2c       0x48 G:\LlilumRepo2\llilum\Zelig\mbed/TARGET_NUCLEO_L152RE/TOOLCHAIN_GCC_ARM\libmbed.a(ticker_api.o)
                0x08017f2c                ticker_irq_handler
 .text.ticker_insert_event
                0x08017f74       0x48 G:\LlilumRepo2\llilum\Zelig\mbed/TARGET_NUCLEO_L152RE/TOOLCHAIN_GCC_ARM\libmbed.a(ticker_api.o)
                0x08017f74                ticker_insert_event
 .text.ticker_remove_event
                0x08017fbc       0x48 G:\LlilumRepo2\llilum\Zelig\mbed/TARGET_NUCLEO_L152RE/TOOLCHAIN_GCC_ARM\libmbed.a(ticker_api.o)
                0x08017fbc                ticker_remove_event
 .text.get_us_ticker_data
                0x08018004        0x8 G:\LlilumRepo2\llilum\Zelig\mbed/TARGET_NUCLEO_L152RE/TOOLCHAIN_GCC_ARM\libmbed.a(us_ticker_api.o)
                0x08018004                get_us_ticker_data
 .text.us_ticker_irq_handler
                0x0801800c        0xc G:\LlilumRepo2\llilum\Zelig\mbed/TARGET_NUCLEO_L152RE/TOOLCHAIN_GCC_ARM\libmbed.a(us_ticker_api.o)
                0x0801800c                us_ticker_irq_handler
 .text.wait_us  0x08018018       0x18 G:\LlilumRepo2\llilum\Zelig\mbed/TARGET_NUCLEO_L152RE/TOOLCHAIN_GCC_ARM\libmbed.a(wait_api.o)
                0x08018018                wait_us
 .text.wait_ms  0x08018030        0xc G:\LlilumRepo2\llilum\Zelig\mbed/TARGET_NUCLEO_L152RE/TOOLCHAIN_GCC_ARM\libmbed.a(wait_api.o)
                0x08018030                wait_ms
 .text.abort    0x0801803c        0xe c:/arm_gcc/4.9/bin/../lib/gcc/arm-none-eabi/4.9.3/../../../../arm-none-eabi/lib/armv7-m\libc_nano.a(lib_a-abort.o)
                0x0801803c                abort
 .text.__aeabi_memclr
                0x0801804a        0x6 c:/arm_gcc/4.9/bin/../lib/gcc/arm-none-eabi/4.9.3/../../../../arm-none-eabi/lib/armv7-m\libc_nano.a(lib_a-aeabi_memclr.o)
                0x0801804a                __aeabi_memclr
                0x0801804a                __aeabi_memclr4
                0x0801804a                __aeabi_memclr8
 .text.__aeabi_memcpy
                0x08018050        0x4 c:/arm_gcc/4.9/bin/../lib/gcc/arm-none-eabi/4.9.3/../../../../arm-none-eabi/lib/armv7-m\libc_nano.a(lib_a-aeabi_memcpy.o)
                0x08018050                __aeabi_memcpy4
                0x08018050                __aeabi_memcpy8
                0x08018050                __aeabi_memcpy
 .text.__aeabi_memmove
                0x08018054        0x4 c:/arm_gcc/4.9/bin/../lib/gcc/arm-none-eabi/4.9.3/../../../../arm-none-eabi/lib/armv7-m\libc_nano.a(lib_a-aeabi_memmove.o)
                0x08018054                __aeabi_memmove
                0x08018054                __aeabi_memmove4
                0x08018054                __aeabi_memmove8
 .text.__aeabi_memset
                0x08018058        0xa c:/arm_gcc/4.9/bin/../lib/gcc/arm-none-eabi/4.9.3/../../../../arm-none-eabi/lib/armv7-m\libc_nano.a(lib_a-aeabi_memset.o)
                0x08018058                __aeabi_memset8
                0x08018058                __aeabi_memset4
                0x08018058                __aeabi_memset
 *fill*         0x08018062        0x2 
 .text.calloc   0x08018064       0x14 c:/arm_gcc/4.9/bin/../lib/gcc/arm-none-eabi/4.9.3/../../../../arm-none-eabi/lib/armv7-m\libc_nano.a(lib_a-calloc.o)
                0x08018064                calloc
 .text.__errno  0x08018078        0xc c:/arm_gcc/4.9/bin/../lib/gcc/arm-none-eabi/4.9.3/../../../../arm-none-eabi/lib/armv7-m\libc_nano.a(lib_a-errno.o)
                0x08018078                __errno
 .text.exit     0x08018084       0x28 c:/arm_gcc/4.9/bin/../lib/gcc/arm-none-eabi/4.9.3/../../../../arm-none-eabi/lib/armv7-m\libc_nano.a(lib_a-exit.o)
                0x08018084                exit
 .text.__sflush_r
                0x080180ac      0x106 c:/arm_gcc/4.9/bin/../lib/gcc/arm-none-eabi/4.9.3/../../../../arm-none-eabi/lib/armv7-m\libc_nano.a(lib_a-fflush.o)
                0x080180ac                __sflush_r
 *fill*         0x080181b2        0x2 
 .text._fflush_r
                0x080181b4       0x54 c:/arm_gcc/4.9/bin/../lib/gcc/arm-none-eabi/4.9.3/../../../../arm-none-eabi/lib/armv7-m\libc_nano.a(lib_a-fflush.o)
                0x080181b4                _fflush_r
 .text.fflush   0x08018208       0x24 c:/arm_gcc/4.9/bin/../lib/gcc/arm-none-eabi/4.9.3/../../../../arm-none-eabi/lib/armv7-m\libc_nano.a(lib_a-fflush.o)
                0x08018208                fflush
 .text._cleanup_r
                0x0801822c        0xc c:/arm_gcc/4.9/bin/../lib/gcc/arm-none-eabi/4.9.3/../../../../arm-none-eabi/lib/armv7-m\libc_nano.a(lib_a-findfp.o)
                0x0801822c                _cleanup_r
 .text.std.isra.0
                0x08018238       0x48 c:/arm_gcc/4.9/bin/../lib/gcc/arm-none-eabi/4.9.3/../../../../arm-none-eabi/lib/armv7-m\libc_nano.a(lib_a-findfp.o)
 .text.__sfmoreglue
                0x08018280       0x2c c:/arm_gcc/4.9/bin/../lib/gcc/arm-none-eabi/4.9.3/../../../../arm-none-eabi/lib/armv7-m\libc_nano.a(lib_a-findfp.o)
                0x08018280                __sfmoreglue
 .text.__sinit  0x080182ac       0x60 c:/arm_gcc/4.9/bin/../lib/gcc/arm-none-eabi/4.9.3/../../../../arm-none-eabi/lib/armv7-m\libc_nano.a(lib_a-findfp.o)
                0x080182ac                __sinit
 .text.__sfp    0x0801830c       0x74 c:/arm_gcc/4.9/bin/../lib/gcc/arm-none-eabi/4.9.3/../../../../arm-none-eabi/lib/armv7-m\libc_nano.a(lib_a-findfp.o)
                0x0801830c                __sfp
 .text._fwalk_reent
                0x08018380       0x3c c:/arm_gcc/4.9/bin/../lib/gcc/arm-none-eabi/4.9.3/../../../../arm-none-eabi/lib/armv7-m\libc_nano.a(lib_a-fwalk.o)
                0x08018380                _fwalk_reent
 .text.__libc_init_array
                0x080183bc       0x4c c:/arm_gcc/4.9/bin/../lib/gcc/arm-none-eabi/4.9.3/../../../../arm-none-eabi/lib/armv7-m\libc_nano.a(lib_a-init.o)
                0x080183bc                __libc_init_array
 .text.malloc   0x08018408       0x10 c:/arm_gcc/4.9/bin/../lib/gcc/arm-none-eabi/4.9.3/../../../../arm-none-eabi/lib/armv7-m\libc_nano.a(lib_a-malloc.o)
                0x08018408                malloc
 .text.free     0x08018418       0x10 c:/arm_gcc/4.9/bin/../lib/gcc/arm-none-eabi/4.9.3/../../../../arm-none-eabi/lib/armv7-m\libc_nano.a(lib_a-malloc.o)
                0x08018418                free
 .text.memchr   0x08018428       0x1c c:/arm_gcc/4.9/bin/../lib/gcc/arm-none-eabi/4.9.3/../../../../arm-none-eabi/lib/armv7-m\libc_nano.a(lib_a-memchr.o)
                0x08018428                memchr
 .text.memcpy   0x08018444       0x16 c:/arm_gcc/4.9/bin/../lib/gcc/arm-none-eabi/4.9.3/../../../../arm-none-eabi/lib/armv7-m\libc_nano.a(lib_a-memcpy.o)
                0x08018444                memcpy
 .text.memmove  0x0801845a       0x36 c:/arm_gcc/4.9/bin/../lib/gcc/arm-none-eabi/4.9.3/../../../../arm-none-eabi/lib/armv7-m\libc_nano.a(lib_a-memmove.o)
                0x0801845a                memmove
 .text.memset   0x08018490       0x10 c:/arm_gcc/4.9/bin/../lib/gcc/arm-none-eabi/4.9.3/../../../../arm-none-eabi/lib/armv7-m\libc_nano.a(lib_a-memset.o)
                0x08018490                memset
 .text._calloc_r
                0x080184a0       0x1c c:/arm_gcc/4.9/bin/../lib/gcc/arm-none-eabi/4.9.3/../../../../arm-none-eabi/lib/armv7-m\libc_nano.a(lib_a-nano-callocr.o)
                0x080184a0                _calloc_r
 .text._free_r  0x080184bc       0x88 c:/arm_gcc/4.9/bin/../lib/gcc/arm-none-eabi/4.9.3/../../../../arm-none-eabi/lib/armv7-m\libc_nano.a(lib_a-nano-freer.o)
                0x080184bc                _free_r
 .text._malloc_r
                0x08018544       0xac c:/arm_gcc/4.9/bin/../lib/gcc/arm-none-eabi/4.9.3/../../../../arm-none-eabi/lib/armv7-m\libc_nano.a(lib_a-nano-mallocr.o)
                0x08018544                _malloc_r
 .text.__sfputc_r
                0x080185f0       0x2c c:/arm_gcc/4.9/bin/../lib/gcc/arm-none-eabi/4.9.3/../../../../arm-none-eabi/lib/armv7-m\libc_nano.a(lib_a-nano-vfprintf.o)
 .text.__sfputs_r
                0x0801861c       0x24 c:/arm_gcc/4.9/bin/../lib/gcc/arm-none-eabi/4.9.3/../../../../arm-none-eabi/lib/armv7-m\libc_nano.a(lib_a-nano-vfprintf.o)
                0x0801861c                __sfputs_r
 .text._vfprintf_r
                0x08018640      0x210 c:/arm_gcc/4.9/bin/../lib/gcc/arm-none-eabi/4.9.3/../../../../arm-none-eabi/lib/armv7-m\libc_nano.a(lib_a-nano-vfprintf.o)
                0x08018640                _vfprintf_r
                0x08018640                _vfiprintf_r
 .text.vfprintf
                0x08018850       0x1c c:/arm_gcc/4.9/bin/../lib/gcc/arm-none-eabi/4.9.3/../../../../arm-none-eabi/lib/armv7-m\libc_nano.a(lib_a-nano-vfprintf.o)
                0x08018850                vfprintf
                0x08018850                vfiprintf
 .text.__cvt    0x0801886c       0xbc c:/arm_gcc/4.9/bin/../lib/gcc/arm-none-eabi/4.9.3/../../../../arm-none-eabi/lib/armv7-m\libc_nano.a(lib_a-nano-vfprintf_float.o)
                0x0801886c                __cvt
 .text.__exponent
                0x08018928       0x62 c:/arm_gcc/4.9/bin/../lib/gcc/arm-none-eabi/4.9.3/../../../../arm-none-eabi/lib/armv7-m\libc_nano.a(lib_a-nano-vfprintf_float.o)
                0x08018928                __exponent
 *fill*         0x0801898a        0x2 
 .text._printf_float
                0x0801898c      0x48c c:/arm_gcc/4.9/bin/../lib/gcc/arm-none-eabi/4.9.3/../../../../arm-none-eabi/lib/armv7-m\libc_nano.a(lib_a-nano-vfprintf_float.o)
                0x0801898c                _printf_float
 .text._printf_common
                0x08018e18       0xea c:/arm_gcc/4.9/bin/../lib/gcc/arm-none-eabi/4.9.3/../../../../arm-none-eabi/lib/armv7-m\libc_nano.a(lib_a-nano-vfprintf_i.o)
                0x08018e18                _printf_common
 *fill*         0x08018f02        0x2 
 .text._printf_i
                0x08018f04      0x240 c:/arm_gcc/4.9/bin/../lib/gcc/arm-none-eabi/4.9.3/../../../../arm-none-eabi/lib/armv7-m\libc_nano.a(lib_a-nano-vfprintf_i.o)
                0x08018f04                _printf_i
 .text._scanf_float
                0x08019144      0x3cc c:/arm_gcc/4.9/bin/../lib/gcc/arm-none-eabi/4.9.3/../../../../arm-none-eabi/lib/armv7-m\libc_nano.a(lib_a-nano-vfscanf_float.o)
                0x08019144                _scanf_float
 .text.__fpclassifyd
                0x08019510       0x50 c:/arm_gcc/4.9/bin/../lib/gcc/arm-none-eabi/4.9.3/../../../../arm-none-eabi/lib/armv7-m\libc_nano.a(lib_a-s_fpclassify.o)
                0x08019510                __fpclassifyd
 .text._sbrk_r  0x08019560       0x20 c:/arm_gcc/4.9/bin/../lib/gcc/arm-none-eabi/4.9.3/../../../../arm-none-eabi/lib/armv7-m\libc_nano.a(lib_a-sbrkr.o)
                0x08019560                _sbrk_r
 .text.nanf     0x08019580        0x8 c:/arm_gcc/4.9/bin/../lib/gcc/arm-none-eabi/4.9.3/../../../../arm-none-eabi/lib/armv7-m\libc_nano.a(lib_a-sf_nan.o)
                0x08019580                nanf
 .text._raise_r
                0x08019588       0x50 c:/arm_gcc/4.9/bin/../lib/gcc/arm-none-eabi/4.9.3/../../../../arm-none-eabi/lib/armv7-m\libc_nano.a(lib_a-signal.o)
                0x08019588                _raise_r
 .text.raise    0x080195d8       0x10 c:/arm_gcc/4.9/bin/../lib/gcc/arm-none-eabi/4.9.3/../../../../arm-none-eabi/lib/armv7-m\libc_nano.a(lib_a-signal.o)
                0x080195d8                raise
 .text._kill_r  0x080195e8       0x24 c:/arm_gcc/4.9/bin/../lib/gcc/arm-none-eabi/4.9.3/../../../../arm-none-eabi/lib/armv7-m\libc_nano.a(lib_a-signalr.o)
                0x080195e8                _kill_r
 .text._getpid_r
                0x0801960c        0x4 c:/arm_gcc/4.9/bin/../lib/gcc/arm-none-eabi/4.9.3/../../../../arm-none-eabi/lib/armv7-m\libc_nano.a(lib_a-signalr.o)
                0x0801960c                _getpid_r
 .text.snprintf
                0x08019610       0x64 c:/arm_gcc/4.9/bin/../lib/gcc/arm-none-eabi/4.9.3/../../../../arm-none-eabi/lib/armv7-m\libc_nano.a(lib_a-snprintf.o)
                0x08019610                sniprintf
                0x08019610                snprintf
 .text.sprintf  0x08019674       0x48 c:/arm_gcc/4.9/bin/../lib/gcc/arm-none-eabi/4.9.3/../../../../arm-none-eabi/lib/armv7-m\libc_nano.a(lib_a-sprintf.o)
                0x08019674                siprintf
                0x08019674                sprintf
 .text.__sread  0x080196bc       0x22 c:/arm_gcc/4.9/bin/../lib/gcc/arm-none-eabi/4.9.3/../../../../arm-none-eabi/lib/armv7-m\libc_nano.a(lib_a-stdio.o)
                0x080196bc                __sread
 .text.__swrite
                0x080196de       0x38 c:/arm_gcc/4.9/bin/../lib/gcc/arm-none-eabi/4.9.3/../../../../arm-none-eabi/lib/armv7-m\libc_nano.a(lib_a-stdio.o)
                0x080196de                __swrite
 .text.__sseek  0x08019716       0x24 c:/arm_gcc/4.9/bin/../lib/gcc/arm-none-eabi/4.9.3/../../../../arm-none-eabi/lib/armv7-m\libc_nano.a(lib_a-stdio.o)
                0x08019716                __sseek
 .text.__sclose
                0x0801973a        0x8 c:/arm_gcc/4.9/bin/../lib/gcc/arm-none-eabi/4.9.3/../../../../arm-none-eabi/lib/armv7-m\libc_nano.a(lib_a-stdio.o)
                0x0801973a                __sclose
 .text.strlen   0x08019742       0x10 c:/arm_gcc/4.9/bin/../lib/gcc/arm-none-eabi/4.9.3/../../../../arm-none-eabi/lib/armv7-m\libc_nano.a(lib_a-strlen.o)
                0x08019742                strlen
 .text.strncmp  0x08019752       0x32 c:/arm_gcc/4.9/bin/../lib/gcc/arm-none-eabi/4.9.3/../../../../arm-none-eabi/lib/armv7-m\libc_nano.a(lib_a-strncmp.o)
                0x08019752                strncmp
 .text.match    0x08019784       0x26 c:/arm_gcc/4.9/bin/../lib/gcc/arm-none-eabi/4.9.3/../../../../arm-none-eabi/lib/armv7-m\libc_nano.a(lib_a-strtod.o)
 .text.sulp     0x080197aa       0x42 c:/arm_gcc/4.9/bin/../lib/gcc/arm-none-eabi/4.9.3/../../../../arm-none-eabi/lib/armv7-m\libc_nano.a(lib_a-strtod.o)
 *fill*         0x080197ec        0x4 
 .text._strtod_r
                0x080197f0      0xc3c c:/arm_gcc/4.9/bin/../lib/gcc/arm-none-eabi/4.9.3/../../../../arm-none-eabi/lib/armv7-m\libc_nano.a(lib_a-strtod.o)
                0x080197f0                _strtod_r
 .text._strtol_r
                0x0801a42c      0x10c c:/arm_gcc/4.9/bin/../lib/gcc/arm-none-eabi/4.9.3/../../../../arm-none-eabi/lib/armv7-m\libc_nano.a(lib_a-strtol.o)
                0x0801a42c                _strtol_r
 .text.__swbuf_r
                0x0801a538       0xa8 c:/arm_gcc/4.9/bin/../lib/gcc/arm-none-eabi/4.9.3/../../../../arm-none-eabi/lib/armv7-m\libc_nano.a(lib_a-wbuf.o)
                0x0801a538                __swbuf_r
 .text._write_r
                0x0801a5e0       0x24 c:/arm_gcc/4.9/bin/../lib/gcc/arm-none-eabi/4.9.3/../../../../arm-none-eabi/lib/armv7-m\libc_nano.a(lib_a-writer.o)
                0x0801a5e0                _write_r
 .text.__swsetup_r
                0x0801a604       0xd8 c:/arm_gcc/4.9/bin/../lib/gcc/arm-none-eabi/4.9.3/../../../../arm-none-eabi/lib/armv7-m\libc_nano.a(lib_a-wsetup.o)
                0x0801a604                __swsetup_r
 .text._close_r
                0x0801a6dc       0x20 c:/arm_gcc/4.9/bin/../lib/gcc/arm-none-eabi/4.9.3/../../../../arm-none-eabi/lib/armv7-m\libc_nano.a(lib_a-closer.o)
                0x0801a6dc                _close_r
 .text.quorem   0x0801a6fc      0x114 c:/arm_gcc/4.9/bin/../lib/gcc/arm-none-eabi/4.9.3/../../../../arm-none-eabi/lib/armv7-m\libc_nano.a(lib_a-dtoa.o)
 .text._dtoa_r  0x0801a810      0xb74 c:/arm_gcc/4.9/bin/../lib/gcc/arm-none-eabi/4.9.3/../../../../arm-none-eabi/lib/armv7-m\libc_nano.a(lib_a-dtoa.o)
                0x0801a810                _dtoa_r
 .text.rshift   0x0801b384       0x6c c:/arm_gcc/4.9/bin/../lib/gcc/arm-none-eabi/4.9.3/../../../../arm-none-eabi/lib/armv7-m\libc_nano.a(lib_a-gdtoa-gethex.o)
 .text.__hexdig_fun
                0x0801b3f0       0x2a c:/arm_gcc/4.9/bin/../lib/gcc/arm-none-eabi/4.9.3/../../../../arm-none-eabi/lib/armv7-m\libc_nano.a(lib_a-gdtoa-gethex.o)
                0x0801b3f0                __hexdig_fun
 .text.__gethex
                0x0801b41a      0x44a c:/arm_gcc/4.9/bin/../lib/gcc/arm-none-eabi/4.9.3/../../../../arm-none-eabi/lib/armv7-m\libc_nano.a(lib_a-gdtoa-gethex.o)
                0x0801b41a                __gethex
 .text.L_shift  0x0801b864       0x24 c:/arm_gcc/4.9/bin/../lib/gcc/arm-none-eabi/4.9.3/../../../../arm-none-eabi/lib/armv7-m\libc_nano.a(lib_a-gdtoa-hexnan.o)
 .text.__hexnan
                0x0801b888      0x114 c:/arm_gcc/4.9/bin/../lib/gcc/arm-none-eabi/4.9.3/../../../../arm-none-eabi/lib/armv7-m\libc_nano.a(lib_a-gdtoa-hexnan.o)
                0x0801b888                __hexnan
 .text._localeconv_r
                0x0801b99c        0x8 c:/arm_gcc/4.9/bin/../lib/gcc/arm-none-eabi/4.9.3/../../../../arm-none-eabi/lib/armv7-m\libc_nano.a(lib_a-locale.o)
                0x0801b99c                _localeconv_r
 .text._lseek_r
                0x0801b9a4       0x24 c:/arm_gcc/4.9/bin/../lib/gcc/arm-none-eabi/4.9.3/../../../../arm-none-eabi/lib/armv7-m\libc_nano.a(lib_a-lseekr.o)
                0x0801b9a4                _lseek_r
 .text.__smakebuf_r
                0x0801b9c8       0x98 c:/arm_gcc/4.9/bin/../lib/gcc/arm-none-eabi/4.9.3/../../../../arm-none-eabi/lib/armv7-m\libc_nano.a(lib_a-makebuf.o)
                0x0801b9c8                __smakebuf_r
 .text._Balloc  0x0801ba60       0x6a c:/arm_gcc/4.9/bin/../lib/gcc/arm-none-eabi/4.9.3/../../../../arm-none-eabi/lib/armv7-m\libc_nano.a(lib_a-mprec.o)
                0x0801ba60                _Balloc
 .text._Bfree   0x0801baca       0x2e c:/arm_gcc/4.9/bin/../lib/gcc/arm-none-eabi/4.9.3/../../../../arm-none-eabi/lib/armv7-m\libc_nano.a(lib_a-mprec.o)
                0x0801baca                _Bfree
 .text.__multadd
                0x0801baf8       0x7c c:/arm_gcc/4.9/bin/../lib/gcc/arm-none-eabi/4.9.3/../../../../arm-none-eabi/lib/armv7-m\libc_nano.a(lib_a-mprec.o)
                0x0801baf8                __multadd
 .text.__s2b    0x0801bb74       0x80 c:/arm_gcc/4.9/bin/../lib/gcc/arm-none-eabi/4.9.3/../../../../arm-none-eabi/lib/armv7-m\libc_nano.a(lib_a-mprec.o)
                0x0801bb74                __s2b
 .text.__hi0bits
                0x0801bbf4       0x40 c:/arm_gcc/4.9/bin/../lib/gcc/arm-none-eabi/4.9.3/../../../../arm-none-eabi/lib/armv7-m\libc_nano.a(lib_a-mprec.o)
                0x0801bbf4                __hi0bits
 .text.__lo0bits
                0x0801bc34       0x5a c:/arm_gcc/4.9/bin/../lib/gcc/arm-none-eabi/4.9.3/../../../../arm-none-eabi/lib/armv7-m\libc_nano.a(lib_a-mprec.o)
                0x0801bc34                __lo0bits
 .text.__i2b    0x0801bc8e       0x12 c:/arm_gcc/4.9/bin/../lib/gcc/arm-none-eabi/4.9.3/../../../../arm-none-eabi/lib/armv7-m\libc_nano.a(lib_a-mprec.o)
                0x0801bc8e                __i2b
 .text.__multiply
                0x0801bca0      0x120 c:/arm_gcc/4.9/bin/../lib/gcc/arm-none-eabi/4.9.3/../../../../arm-none-eabi/lib/armv7-m\libc_nano.a(lib_a-mprec.o)
                0x0801bca0                __multiply
 .text.__pow5mult
                0x0801bdc0       0x9c c:/arm_gcc/4.9/bin/../lib/gcc/arm-none-eabi/4.9.3/../../../../arm-none-eabi/lib/armv7-m\libc_nano.a(lib_a-mprec.o)
                0x0801bdc0                __pow5mult
 .text.__lshift
                0x0801be5c       0xa6 c:/arm_gcc/4.9/bin/../lib/gcc/arm-none-eabi/4.9.3/../../../../arm-none-eabi/lib/armv7-m\libc_nano.a(lib_a-mprec.o)
                0x0801be5c                __lshift
 .text.__mcmp   0x0801bf02       0x38 c:/arm_gcc/4.9/bin/../lib/gcc/arm-none-eabi/4.9.3/../../../../arm-none-eabi/lib/armv7-m\libc_nano.a(lib_a-mprec.o)
                0x0801bf02                __mcmp
 .text.__mdiff  0x0801bf3a       0xbe c:/arm_gcc/4.9/bin/../lib/gcc/arm-none-eabi/4.9.3/../../../../arm-none-eabi/lib/armv7-m\libc_nano.a(lib_a-mprec.o)
                0x0801bf3a                __mdiff
 .text.__ulp    0x0801bff8       0x48 c:/arm_gcc/4.9/bin/../lib/gcc/arm-none-eabi/4.9.3/../../../../arm-none-eabi/lib/armv7-m\libc_nano.a(lib_a-mprec.o)
                0x0801bff8                __ulp
 .text.__b2d    0x0801c040       0x9e c:/arm_gcc/4.9/bin/../lib/gcc/arm-none-eabi/4.9.3/../../../../arm-none-eabi/lib/armv7-m\libc_nano.a(lib_a-mprec.o)
                0x0801c040                __b2d
 .text.__d2b    0x0801c0de       0xa4 c:/arm_gcc/4.9/bin/../lib/gcc/arm-none-eabi/4.9.3/../../../../arm-none-eabi/lib/armv7-m\libc_nano.a(lib_a-mprec.o)
                0x0801c0de                __d2b
 .text.__ratio  0x0801c182       0x50 c:/arm_gcc/4.9/bin/../lib/gcc/arm-none-eabi/4.9.3/../../../../arm-none-eabi/lib/armv7-m\libc_nano.a(lib_a-mprec.o)
                0x0801c182                __ratio
 .text.__copybits
                0x0801c1d2       0x34 c:/arm_gcc/4.9/bin/../lib/gcc/arm-none-eabi/4.9.3/../../../../arm-none-eabi/lib/armv7-m\libc_nano.a(lib_a-mprec.o)
                0x0801c1d2                __copybits
 .text.__any_on
                0x0801c206       0x44 c:/arm_gcc/4.9/bin/../lib/gcc/arm-none-eabi/4.9.3/../../../../arm-none-eabi/lib/armv7-m\libc_nano.a(lib_a-mprec.o)
                0x0801c206                __any_on
 .text._realloc_r
                0x0801c24a       0x4c c:/arm_gcc/4.9/bin/../lib/gcc/arm-none-eabi/4.9.3/../../../../arm-none-eabi/lib/armv7-m\libc_nano.a(lib_a-nano-reallocr.o)
                0x0801c24a                _realloc_r
 .text.__ssputs_r
                0x0801c296       0xb2 c:/arm_gcc/4.9/bin/../lib/gcc/arm-none-eabi/4.9.3/../../../../arm-none-eabi/lib/armv7-m\libc_nano.a(lib_a-nano-svfprintf.o)
                0x0801c296                __ssputs_r
 .text._svfprintf_r
                0x0801c348      0x1e4 c:/arm_gcc/4.9/bin/../lib/gcc/arm-none-eabi/4.9.3/../../../../arm-none-eabi/lib/armv7-m\libc_nano.a(lib_a-nano-svfprintf.o)
                0x0801c348                _svfiprintf_r
                0x0801c348                _svfprintf_r
 .text._read_r  0x0801c52c       0x24 c:/arm_gcc/4.9/bin/../lib/gcc/arm-none-eabi/4.9.3/../../../../arm-none-eabi/lib/armv7-m\libc_nano.a(lib_a-readr.o)
                0x0801c52c                _read_r
 .text._fstat_r
                0x0801c550       0x24 c:/arm_gcc/4.9/bin/../lib/gcc/arm-none-eabi/4.9.3/../../../../arm-none-eabi/lib/armv7-m\libc_nano.a(lib_a-fstatr.o)
                0x0801c550                _fstat_r
 .text._isatty_r
                0x0801c574       0x20 c:/arm_gcc/4.9/bin/../lib/gcc/arm-none-eabi/4.9.3/../../../../arm-none-eabi/lib/armv7-m\libc_nano.a(lib_a-isattyr.o)
                0x0801c574                _isatty_r
 .text._malloc_usable_size_r
                0x0801c594       0x14 c:/arm_gcc/4.9/bin/../lib/gcc/arm-none-eabi/4.9.3/../../../../arm-none-eabi/lib/armv7-m\libc_nano.a(lib_a-nano-msizer.o)
                0x0801c594                _malloc_usable_size_r
 .text          0x0801c5a8      0x370 c:/arm_gcc/4.9/bin/../lib/gcc/arm-none-eabi/4.9.3/armv7-m\libgcc.a(_arm_addsubdf3.o)
                0x0801c5a8                __aeabi_drsub
                0x0801c5b0                __aeabi_dsub
                0x0801c5b0                __subdf3
                0x0801c5b4                __aeabi_dadd
                0x0801c5b4                __adddf3
                0x0801c82c                __floatunsidf
                0x0801c82c                __aeabi_ui2d
                0x0801c84c                __floatsidf
                0x0801c84c                __aeabi_i2d
                0x0801c870                __aeabi_f2d
                0x0801c870                __extendsfdf2
                0x0801c8ac                __floatundidf
                0x0801c8ac                __aeabi_ul2d
                0x0801c8bc                __floatdidf
                0x0801c8bc                __aeabi_l2d
 .text          0x0801c918      0x424 c:/arm_gcc/4.9/bin/../lib/gcc/arm-none-eabi/4.9.3/armv7-m\libgcc.a(_arm_muldivdf3.o)
                0x0801c918                __aeabi_dmul
                0x0801c918                __muldf3
                0x0801cb6c                __divdf3
                0x0801cb6c                __aeabi_ddiv
 .text          0x0801cd3c      0x110 c:/arm_gcc/4.9/bin/../lib/gcc/arm-none-eabi/4.9.3/armv7-m\libgcc.a(_arm_cmpdf2.o)
                0x0801cd3c                __gtdf2
                0x0801cd3c                __gedf2
                0x0801cd44                __ltdf2
                0x0801cd44                __ledf2
                0x0801cd4c                __nedf2
                0x0801cd4c                __eqdf2
                0x0801cd4c                __cmpdf2
                0x0801cdc8                __aeabi_cdrcmple
                0x0801cdd8                __aeabi_cdcmpeq
                0x0801cdd8                __aeabi_cdcmple
                0x0801cde8                __aeabi_dcmpeq
                0x0801cdfc                __aeabi_dcmplt
                0x0801ce10                __aeabi_dcmple
                0x0801ce24                __aeabi_dcmpge
                0x0801ce38                __aeabi_dcmpgt
 .text          0x0801ce4c       0x50 c:/arm_gcc/4.9/bin/../lib/gcc/arm-none-eabi/4.9.3/armv7-m\libgcc.a(_arm_fixdfsi.o)
                0x0801ce4c                __aeabi_d2iz
                0x0801ce4c                __fixdfsi
 .text          0x0801ce9c       0x40 c:/arm_gcc/4.9/bin/../lib/gcc/arm-none-eabi/4.9.3/armv7-m\libgcc.a(_arm_fixunsdfsi.o)
                0x0801ce9c                __aeabi_d2uiz
                0x0801ce9c                __fixunsdfsi
 .text          0x0801cedc       0xa0 c:/arm_gcc/4.9/bin/../lib/gcc/arm-none-eabi/4.9.3/armv7-m\libgcc.a(_arm_truncdfsf2.o)
                0x0801cedc                __truncdfsf2
                0x0801cedc                __aeabi_d2f
 .text          0x0801cf7c      0x21c c:/arm_gcc/4.9/bin/../lib/gcc/arm-none-eabi/4.9.3/armv7-m\libgcc.a(_arm_addsubsf3.o)
                0x0801cf7c                __aeabi_frsub
                0x0801cf84                __subsf3
                0x0801cf84                __aeabi_fsub
                0x0801cf88                __aeabi_fadd
                0x0801cf88                __addsf3
                0x0801d0e8                __aeabi_ui2f
                0x0801d0e8                __floatunsisf
                0x0801d0f0                __aeabi_i2f
                0x0801d0f0                __floatsisf
                0x0801d10c                __aeabi_ul2f
                0x0801d10c                __floatundisf
                0x0801d11c                __aeabi_l2f
                0x0801d11c                __floatdisf
 .text          0x0801d198      0x2a0 c:/arm_gcc/4.9/bin/../lib/gcc/arm-none-eabi/4.9.3/armv7-m\libgcc.a(_arm_muldivsf3.o)
                0x0801d198                __mulsf3
                0x0801d198                __aeabi_fmul
                0x0801d300                __aeabi_fdiv
                0x0801d300                __divsf3
 .text          0x0801d438       0xec c:/arm_gcc/4.9/bin/../lib/gcc/arm-none-eabi/4.9.3/armv7-m\libgcc.a(_arm_cmpsf2.o)
                0x0801d438                __gesf2
                0x0801d438                __gtsf2
                0x0801d440                __lesf2
                0x0801d440                __ltsf2
                0x0801d448                __nesf2
                0x0801d448                __eqsf2
                0x0801d448                __cmpsf2
                0x0801d4a8                __aeabi_cfrcmple
                0x0801d4b0                __aeabi_cfcmpeq
                0x0801d4b0                __aeabi_cfcmple
                0x0801d4c0                __aeabi_fcmpeq
                0x0801d4d4                __aeabi_fcmplt
                0x0801d4e8                __aeabi_fcmple
                0x0801d4fc                __aeabi_fcmpge
                0x0801d510                __aeabi_fcmpgt
 .text          0x0801d524       0x2c c:/arm_gcc/4.9/bin/../lib/gcc/arm-none-eabi/4.9.3/armv7-m\libgcc.a(_arm_unordsf2.o)
                0x0801d524                __unordsf2
                0x0801d524                __aeabi_fcmpun
 .text          0x0801d550       0x40 c:/arm_gcc/4.9/bin/../lib/gcc/arm-none-eabi/4.9.3/armv7-m\libgcc.a(_arm_fixunssfsi.o)
                0x0801d550                __fixunssfsi
                0x0801d550                __aeabi_f2uiz
 .text          0x0801d590      0xa54 c:/arm_gcc/4.9/bin/../lib/gcc/arm-none-eabi/4.9.3/armv7-m\libgcc.a(unwind-arm.o)
                0x0801d870                _Unwind_GetCFA
                0x0801d874                __gnu_Unwind_RaiseException
                0x0801d8d4                __gnu_Unwind_ForcedUnwind
                0x0801d8e8                __gnu_Unwind_Resume
                0x0801d92c                __gnu_Unwind_Resume_or_Rethrow
                0x0801d940                _Unwind_Complete
                0x0801d944                _Unwind_DeleteException
                0x0801d950                _Unwind_VRS_Get
                0x0801d9a0                _Unwind_VRS_Set
                0x0801d9f0                __gnu_Unwind_Backtrace
                0x0801dd34                __aeabi_unwind_cpp_pr0
                0x0801dd38                __aeabi_unwind_cpp_pr1
                0x0801dd3c                __aeabi_unwind_cpp_pr2
                0x0801dd40                _Unwind_VRS_Pop
 .text          0x0801dfe4      0x1ac c:/arm_gcc/4.9/bin/../lib/gcc/arm-none-eabi/4.9.3/armv7-m\libgcc.a(libunwind.o)
                0x0801dfe4                __restore_core_regs
                0x0801dfe4                restore_core_regs
                0x0801dffc                __gnu_Unwind_Restore_VFP
                0x0801e004                __gnu_Unwind_Save_VFP
                0x0801e00c                __gnu_Unwind_Restore_VFP_D
                0x0801e014                __gnu_Unwind_Save_VFP_D
                0x0801e01c                __gnu_Unwind_Restore_VFP_D_16_to_31
                0x0801e024                __gnu_Unwind_Save_VFP_D_16_to_31
                0x0801e02c                __gnu_Unwind_Restore_WMMXD
                0x0801e070                __gnu_Unwind_Save_WMMXD
                0x0801e0b4                __gnu_Unwind_Restore_WMMXC
                0x0801e0c8                __gnu_Unwind_Save_WMMXC
                0x0801e0dc                ___Unwind_RaiseException
                0x0801e0dc                _Unwind_RaiseException
                0x0801e100                _Unwind_Resume
                0x0801e100                ___Unwind_Resume
                0x0801e124                _Unwind_Resume_or_Rethrow
                0x0801e124                ___Unwind_Resume_or_Rethrow
                0x0801e148                _Unwind_ForcedUnwind
                0x0801e148                ___Unwind_ForcedUnwind
                0x0801e16c                ___Unwind_Backtrace
                0x0801e16c                _Unwind_Backtrace
 .text          0x0801e190      0x37c c:/arm_gcc/4.9/bin/../lib/gcc/arm-none-eabi/4.9.3/armv7-m\libgcc.a(pr-support.o)
                0x0801e1e8                __gnu_unwind_execute
                0x0801e4b4                __gnu_unwind_frame
                0x0801e4dc                _Unwind_GetRegionStart
                0x0801e4e8                _Unwind_GetLanguageSpecificData
                0x0801e4fc                _Unwind_GetDataRelBase
                0x0801e504                _Unwind_GetTextRelBase
 .text._getpid  0x0801e50c       0x10 c:/arm_gcc/4.9/bin/../lib/gcc/arm-none-eabi/4.9.3/../../../../arm-none-eabi/lib/armv7-m\libnosys.a(getpid.o)
                0x0801e50c                _getpid
 .text._kill    0x0801e51c       0x10 c:/arm_gcc/4.9/bin/../lib/gcc/arm-none-eabi/4.9.3/../../../../arm-none-eabi/lib/armv7-m\libnosys.a(kill.o)
                0x0801e51c                _kill
 *(.init)
 .init          0x0801e52c        0x4 c:/arm_gcc/4.9/bin/../lib/gcc/arm-none-eabi/4.9.3/armv7-m/crti.o
                0x0801e52c                _init
 .init          0x0801e530        0x8 c:/arm_gcc/4.9/bin/../lib/gcc/arm-none-eabi/4.9.3/armv7-m/crtn.o
 *(.fini)
 .fini          0x0801e538        0x4 c:/arm_gcc/4.9/bin/../lib/gcc/arm-none-eabi/4.9.3/armv7-m/crti.o
                0x0801e538                _fini
 .fini          0x0801e53c        0x8 c:/arm_gcc/4.9/bin/../lib/gcc/arm-none-eabi/4.9.3/armv7-m/crtn.o
 *crtbegin.o(.ctors)
 *crtbegin?.o(.ctors)
 *(EXCLUDE_FILE(*crtend.o *crtend?.o) .ctors)
 *(SORT(.ctors.*))
 *(.ctors)
 *crtbegin.o(.dtors)
 *crtbegin?.o(.dtors)
 *(EXCLUDE_FILE(*crtend.o *crtend?.o) .dtors)
 *(SORT(.dtors.*))
 *(.dtors)
 *(.rodata*)
 .rodata        0x0801e544       0x25 STM32L152\InteropExports_debug.o
 *fill*         0x0801e569        0x3 
 .rodata        0x0801e56c       0x76 STM32L152\InteropExports_gpio.o
 *fill*         0x0801e5e2        0x2 
 .rodata.aPLLMulFactorTable
                0x0801e5e4        0xc G:\LlilumRepo2\llilum\Zelig\mbed/TARGET_NUCLEO_L152RE/TOOLCHAIN_GCC_ARM/stm32l1xx_hal_rcc.o
                0x0801e5e4                aPLLMulFactorTable
 .rodata.aAPBAHBPrescTable
                0x0801e5f0       0x10 G:\LlilumRepo2\llilum\Zelig\mbed/TARGET_NUCLEO_L152RE/TOOLCHAIN_GCC_ARM/stm32l1xx_hal_rcc.o
                0x0801e5f0                aAPBAHBPrescTable
 .rodata.aPLLDivisionFactorTable
                0x0801e600        0x4 G:\LlilumRepo2\llilum\Zelig\mbed/TARGET_NUCLEO_L152RE/TOOLCHAIN_GCC_ARM/stm32l1xx_hal_rcc.o
                0x0801e600                aPLLDivisionFactorTable
 .rodata.AHBPrescTable
                0x0801e604       0x10 G:\LlilumRepo2\llilum\Zelig\mbed/TARGET_NUCLEO_L152RE/TOOLCHAIN_GCC_ARM/system_stm32l1xx.o
                0x0801e604                AHBPrescTable
 .rodata.PLLMulTable
                0x0801e614        0xc G:\LlilumRepo2\llilum\Zelig\mbed/TARGET_NUCLEO_L152RE/TOOLCHAIN_GCC_ARM/system_stm32l1xx.o
                0x0801e614                PLLMulTable
 .rodata.str1.4
                0x0801e620       0x82 G:\LlilumRepo2\llilum\Zelig\mbed/TARGET_NUCLEO_L152RE/TOOLCHAIN_GCC_ARM\libmbed.a(analogin_api.o)
                                 0x84 (size before relaxing)
 *fill*         0x0801e6a2        0x2 
 .rodata.str1.4
                0x0801e6a4       0x94 G:\LlilumRepo2\llilum\Zelig\mbed/TARGET_NUCLEO_L152RE/TOOLCHAIN_GCC_ARM\libmbed.a(gpio_api.o)
 .rodata.gpio_mode
                0x0801e738       0x34 G:\LlilumRepo2\llilum\Zelig\mbed/TARGET_NUCLEO_L152RE/TOOLCHAIN_GCC_ARM\libmbed.a(pinmap.o)
 .rodata.str1.4
                0x0801e76c       0x88 G:\LlilumRepo2\llilum\Zelig\mbed/TARGET_NUCLEO_L152RE/TOOLCHAIN_GCC_ARM\libmbed.a(pinmap.o)
                                 0x9c (size before relaxing)
 .rodata.pin_base_nr
                0x0801e7f4       0x40 G:\LlilumRepo2\llilum\Zelig\mbed/TARGET_NUCLEO_L152RE/TOOLCHAIN_GCC_ARM\libmbed.a(gpio_irq_api.o)
 .rodata.str1.4
                0x0801e834       0x84 G:\LlilumRepo2\llilum\Zelig\mbed/TARGET_NUCLEO_L152RE/TOOLCHAIN_GCC_ARM\libmbed.a(serial_api.o)
 .rodata.str1.4
                0x0801e8b8       0x31 G:\LlilumRepo2\llilum\Zelig\mbed/TARGET_NUCLEO_L152RE/TOOLCHAIN_GCC_ARM\libmbed.a(assert.o)
                                 0x34 (size before relaxing)
 *fill*         0x0801e8e9        0x3 
 .rodata.str1.4
                0x0801e8ec       0x68 G:\LlilumRepo2\llilum\Zelig\mbed/TARGET_NUCLEO_L152RE/TOOLCHAIN_GCC_ARM\libmbed.a(pinmap_common.o)
 .rodata.us_interface
                0x0801e954       0x14 G:\LlilumRepo2\llilum\Zelig\mbed/TARGET_NUCLEO_L152RE/TOOLCHAIN_GCC_ARM\libmbed.a(us_ticker_api.o)
 .rodata.us_data
                0x0801e968        0x8 G:\LlilumRepo2\llilum\Zelig\mbed/TARGET_NUCLEO_L152RE/TOOLCHAIN_GCC_ARM\libmbed.a(us_ticker_api.o)
 .rodata.PinMap_UART_RX
                0x0801e970       0x54 G:\LlilumRepo2\llilum\Zelig\mbed/TARGET_NUCLEO_L152RE/TOOLCHAIN_GCC_ARM\libmbed.a(PeripheralPins.o)
                0x0801e970                PinMap_UART_RX
 .rodata.PinMap_UART_TX
                0x0801e9c4       0x54 G:\LlilumRepo2\llilum\Zelig\mbed/TARGET_NUCLEO_L152RE/TOOLCHAIN_GCC_ARM\libmbed.a(PeripheralPins.o)
                0x0801e9c4                PinMap_UART_TX
 .rodata.PinMap_ADC
                0x0801ea18       0xfc G:\LlilumRepo2\llilum\Zelig\mbed/TARGET_NUCLEO_L152RE/TOOLCHAIN_GCC_ARM\libmbed.a(PeripheralPins.o)
                0x0801ea18                PinMap_ADC
 .rodata.__sf_fake_stdin
                0x0801eb14       0x20 c:/arm_gcc/4.9/bin/../lib/gcc/arm-none-eabi/4.9.3/../../../../arm-none-eabi/lib/armv7-m\libc_nano.a(lib_a-findfp.o)
                0x0801eb14                __sf_fake_stdin
 .rodata.__sf_fake_stdout
                0x0801eb34       0x20 c:/arm_gcc/4.9/bin/../lib/gcc/arm-none-eabi/4.9.3/../../../../arm-none-eabi/lib/armv7-m\libc_nano.a(lib_a-findfp.o)
                0x0801eb34                __sf_fake_stdout
 .rodata.__sf_fake_stderr
                0x0801eb54       0x20 c:/arm_gcc/4.9/bin/../lib/gcc/arm-none-eabi/4.9.3/../../../../arm-none-eabi/lib/armv7-m\libc_nano.a(lib_a-findfp.o)
                0x0801eb54                __sf_fake_stderr
 .rodata.str1.1
                0x0801eb74        0x2 c:/arm_gcc/4.9/bin/../lib/gcc/arm-none-eabi/4.9.3/../../../../arm-none-eabi/lib/armv7-m\libc_nano.a(lib_a-impure.o)
 *fill*         0x0801eb76        0x2 
 .rodata._global_impure_ptr
                0x0801eb78        0x4 c:/arm_gcc/4.9/bin/../lib/gcc/arm-none-eabi/4.9.3/../../../../arm-none-eabi/lib/armv7-m\libc_nano.a(lib_a-impure.o)
                0x0801eb78                _global_impure_ptr
 .rodata.str1.1
                0x0801eb7c       0x11 c:/arm_gcc/4.9/bin/../lib/gcc/arm-none-eabi/4.9.3/../../../../arm-none-eabi/lib/armv7-m\libc_nano.a(lib_a-nano-vfprintf.o)
 .rodata.str1.1
                0x0801eb8d       0x12 c:/arm_gcc/4.9/bin/../lib/gcc/arm-none-eabi/4.9.3/../../../../arm-none-eabi/lib/armv7-m\libc_nano.a(lib_a-nano-vfprintf_float.o)
 .rodata.str1.1
                0x0801eb9f       0x22 c:/arm_gcc/4.9/bin/../lib/gcc/arm-none-eabi/4.9.3/../../../../arm-none-eabi/lib/armv7-m\libc_nano.a(lib_a-nano-vfprintf_i.o)
 .rodata.str1.1
                0x0801ebc1        0x5 c:/arm_gcc/4.9/bin/../lib/gcc/arm-none-eabi/4.9.3/../../../../arm-none-eabi/lib/armv7-m\libc_nano.a(lib_a-nano-vfscanf_float.o)
 .rodata.str1.1
                0x00000000        0x5 c:/arm_gcc/4.9/bin/../lib/gcc/arm-none-eabi/4.9.3/../../../../arm-none-eabi/lib/armv7-m\libc_nano.a(lib_a-strtod.o)
                                  0xc (size before relaxing)
 *fill*         0x0801ebc6        0x2 
 .rodata.fpinan.5315
                0x0801ebc8       0x14 c:/arm_gcc/4.9/bin/../lib/gcc/arm-none-eabi/4.9.3/../../../../arm-none-eabi/lib/armv7-m\libc_nano.a(lib_a-strtod.o)
 *fill*         0x0801ebdc        0x4 
 .rodata.tinytens
                0x0801ebe0       0x28 c:/arm_gcc/4.9/bin/../lib/gcc/arm-none-eabi/4.9.3/../../../../arm-none-eabi/lib/armv7-m\libc_nano.a(lib_a-strtod.o)
 .rodata.fpi.5279
                0x0801ec08       0x14 c:/arm_gcc/4.9/bin/../lib/gcc/arm-none-eabi/4.9.3/../../../../arm-none-eabi/lib/armv7-m\libc_nano.a(lib_a-strtod.o)
 .rodata._ctype_
                0x0801ec1c      0x101 c:/arm_gcc/4.9/bin/../lib/gcc/arm-none-eabi/4.9.3/../../../../arm-none-eabi/lib/armv7-m\libc_nano.a(lib_a-ctype_.o)
                0x0801ec1c                _ctype_
 .rodata.str1.1
                0x0801ed1d        0xd c:/arm_gcc/4.9/bin/../lib/gcc/arm-none-eabi/4.9.3/../../../../arm-none-eabi/lib/armv7-m\libc_nano.a(lib_a-dtoa.o)
                                  0xf (size before relaxing)
 .rodata.str1.1
                0x0801ed2a        0x8 c:/arm_gcc/4.9/bin/../lib/gcc/arm-none-eabi/4.9.3/../../../../arm-none-eabi/lib/armv7-m\libc_nano.a(lib_a-locale.o)
                                  0xb (size before relaxing)
 *fill*         0x0801ed32        0x6 
 .rodata.__mprec_tens
                0x0801ed38       0xc8 c:/arm_gcc/4.9/bin/../lib/gcc/arm-none-eabi/4.9.3/../../../../arm-none-eabi/lib/armv7-m\libc_nano.a(lib_a-mprec.o)
                0x0801ed38                __mprec_tens
 .rodata.__mprec_bigtens
                0x0801ee00       0x28 c:/arm_gcc/4.9/bin/../lib/gcc/arm-none-eabi/4.9.3/../../../../arm-none-eabi/lib/armv7-m\libc_nano.a(lib_a-mprec.o)
                0x0801ee00                __mprec_bigtens
 .rodata.p05.5314
                0x0801ee28        0xc c:/arm_gcc/4.9/bin/../lib/gcc/arm-none-eabi/4.9.3/../../../../arm-none-eabi/lib/armv7-m\libc_nano.a(lib_a-mprec.o)
 .rodata.str1.1
                0x00000000       0x11 c:/arm_gcc/4.9/bin/../lib/gcc/arm-none-eabi/4.9.3/../../../../arm-none-eabi/lib/armv7-m\libc_nano.a(lib_a-nano-svfprintf.o)
 *(.eh_frame*)
 .eh_frame      0x0801ee34        0x0 c:/arm_gcc/4.9/bin/../lib/gcc/arm-none-eabi/4.9.3/armv7-m/crtbegin.o
 .eh_frame      0x0801ee34        0x0 c:/arm_gcc/4.9/bin/../lib/gcc/arm-none-eabi/4.9.3/../../../../arm-none-eabi/lib/armv7-m\libc_nano.a(lib_a-strcmp.o)
                                 0x28 (size before relaxing)
 .eh_frame      0x0801ee34        0x4 c:/arm_gcc/4.9/bin/../lib/gcc/arm-none-eabi/4.9.3/armv7-m/crtend.o

.glue_7         0x0801ee38        0x0
 .glue_7        0x00000000        0x0 linker stubs

.glue_7t        0x0801ee38        0x0
 .glue_7t       0x00000000        0x0 linker stubs

.vfp11_veneer   0x0801ee38        0x0
 .vfp11_veneer  0x00000000        0x0 linker stubs

.v4_bx          0x0801ee38        0x0
 .v4_bx         0x00000000        0x0 linker stubs

.iplt           0x0801ee38        0x0
 .iplt          0x00000000        0x0 c:/arm_gcc/4.9/bin/../lib/gcc/arm-none-eabi/4.9.3/armv7-m/crtbegin.o

.ARM.extab      0x0801ee38       0x18
 *(.ARM.extab* .gnu.linkonce.armextab.*)
 .ARM.extab     0x0801ee38       0x18 c:/arm_gcc/4.9/bin/../lib/gcc/arm-none-eabi/4.9.3/armv7-m\libgcc.a(pr-support.o)
                0x0801ee50                __exidx_start = .

.ARM.exidx      0x0801ee50       0xc8
 *(.ARM.exidx* .gnu.linkonce.armexidx.*)
 .ARM.exidx     0x0801ee50        0x8 c:/arm_gcc/4.9/bin/../lib/gcc/arm-none-eabi/4.9.3/../../../../arm-none-eabi/lib/armv7-m/crt0.o
 .ARM.exidx     0x0801ee58       0x10 .\Microsoft.Zelig.Test.mbed.Simple_opt.o
                               0x1760 (size before relaxing)
 .ARM.exidx     0x0801ee68       0x78 c:/arm_gcc/4.9/bin/../lib/gcc/arm-none-eabi/4.9.3/armv7-m\libgcc.a(unwind-arm.o)
                                 0xd8 (size before relaxing)
 .ARM.exidx     0x0801eee0       0x38 c:/arm_gcc/4.9/bin/../lib/gcc/arm-none-eabi/4.9.3/armv7-m\libgcc.a(pr-support.o)
                                 0x48 (size before relaxing)
                0x0801ef18                __exidx_end = .
                0x0801ef18                __etext = .
                0x0801ef18                _sidata = .

.rel.dyn        0x0801ef18        0x0
 .rel.iplt      0x00000000        0x0 c:/arm_gcc/4.9/bin/../lib/gcc/arm-none-eabi/4.9.3/armv7-m/crtbegin.o
 .rel.got       0x00000000        0x0 c:/arm_gcc/4.9/bin/../lib/gcc/arm-none-eabi/4.9.3/armv7-m/crtbegin.o

.data           0x20000140      0x60c load address 0x0801ef18
                0x20000140                __data_start__ = .
                0x20000140                _sdata = .
 *(vtable)
 *(.data*)
 .data.rel.local.Microsoft.Llilum.STM32L152.ThreadManager_4
                0x20000140       0x48 .\Microsoft.Zelig.Test.mbed.Simple_opt.o
 .data.rel.local.Microsoft.CortexM3OnMBED.TypeSystemManager_6
                0x20000188        0x8 .\Microsoft.Zelig.Test.mbed.Simple_opt.o
 .data.rel.local.Microsoft.CortexM3OnMBED.HardwareModel.AdcProvider_8
                0x20000190        0x8 .\Microsoft.Zelig.Test.mbed.Simple_opt.o
 .data.rel.local.Microsoft.CortexM3OnMBED.HardwareModel.HardwareProvider_9
                0x20000198        0x8 .\Microsoft.Zelig.Test.mbed.Simple_opt.o
 .data.rel.local.Microsoft.CortexM3OnMBED.MemoryManager_11
                0x200001a0       0x1c .\Microsoft.Zelig.Test.mbed.Simple_opt.o
 .data.rel.local.Microsoft.CortexM3OnMBED.Peripherals_12
                0x200001bc        0x8 .\Microsoft.Zelig.Test.mbed.Simple_opt.o
 .data.rel.local.Microsoft.CortexM3OnMBED.Storage_13
                0x200001c4        0x8 .\Microsoft.Zelig.Test.mbed.Simple_opt.o
 .data.rel.local.Microsoft.DeviceModels.Chipset.CortexM3.SysTick_14
                0x200001cc        0x8 .\Microsoft.Zelig.Test.mbed.Simple_opt.o
 .data.rel.local.Microsoft.Llilum.STM32L152.AdcProviderUwp_15
                0x200001d4        0x8 .\Microsoft.Zelig.Test.mbed.Simple_opt.o
 .data.rel.local.Microsoft.Llilum.STM32L152.Board_16
                0x200001dc        0x8 .\Microsoft.Zelig.Test.mbed.Simple_opt.o
 *fill*         0x200001e4        0xc 
 .data.rel.local.Microsoft.Llilum.STM32L152.Drivers.ContextSwitchTimer_18
                0x200001f0       0x21 .\Microsoft.Zelig.Test.mbed.Simple_opt.o
 *fill*         0x20000211        0xf 
 .data.rel.local.Microsoft.Llilum.STM32L152.Drivers.InterruptController_19
                0x20000220       0x14 .\Microsoft.Zelig.Test.mbed.Simple_opt.o
 *fill*         0x20000234        0xc 
 .data.rel.local.Microsoft.Llilum.STM32L152.Drivers.SystemTimer_20
                0x20000240       0x1c .\Microsoft.Zelig.Test.mbed.Simple_opt.o
 .data.rel.local.Microsoft.Llilum.STM32L152.HardwareModel.HardwareProviders.GpioProvider_21
                0x2000025c        0x8 .\Microsoft.Zelig.Test.mbed.Simple_opt.o
 .data.rel.local.Microsoft.Llilum.STM32L152.SpiProvider_23
                0x20000264        0x8 .\Microsoft.Zelig.Test.mbed.Simple_opt.o
 .data.rel.local.Microsoft.Llilum.STM32L152.SpiProviderUwp_24
                0x2000026c        0x8 .\Microsoft.Zelig.Test.mbed.Simple_opt.o
 .data.rel.local.Microsoft.Zelig.Runtime.GarbageCollectionManager.EmptyManager_25
                0x20000274        0x8 .\Microsoft.Zelig.Test.mbed.Simple_opt.o
 *fill*         0x2000027c        0x4 
 .data.rel.local.Microsoft.Zelig.Runtime.SyncBlockTable_26
                0x20000280       0x18 .\Microsoft.Zelig.Test.mbed.Simple_opt.o
 .data.rel.local.Microsoft.Zelig.Runtime.Synchronization.YieldLock_27
                0x20000298       0x10 .\Microsoft.Zelig.Test.mbed.Simple_opt.o
 *fill*         0x200002a8        0x8 
 .data.rel.ro.local.System.String[]_30
                0x200002b0       0x14 .\Microsoft.Zelig.Test.mbed.Simple_opt.o
 *fill*         0x200002c4        0xc 
 .data.rel.ro.local.System.UInt32[]_32
                0x200002d0      0x20c .\Microsoft.Zelig.Test.mbed.Simple_opt.o
 *fill*         0x200004dc        0x4 
 .data.rel.ro.local.System.Int32[]_36
                0x200004e0       0x14 .\Microsoft.Zelig.Test.mbed.Simple_opt.o
 *fill*         0x200004f4        0xc 
 .data.rel.ro.local.System.Char[]_38
                0x20000500       0x3e .\Microsoft.Zelig.Test.mbed.Simple_opt.o
 *fill*         0x2000053e        0x2 
 .data.rel.ro.local.System.String[]_41
                0x20000540       0x20 .\Microsoft.Zelig.Test.mbed.Simple_opt.o
 .data.rel.ro.local.System.String[]_42
                0x20000560       0x18 .\Microsoft.Zelig.Test.mbed.Simple_opt.o
 *fill*         0x20000578        0x8 
 .data.rel.ro.local.System.String[]_43
                0x20000580       0x18 .\Microsoft.Zelig.Test.mbed.Simple_opt.o
 *fill*         0x20000598        0x8 
 .data.rel.local.Microsoft.Zelig.Runtime.TypeSystem.GlobalRoot_44
                0x200005a0       0xf4 .\Microsoft.Zelig.Test.mbed.Simple_opt.o
 .data.svc_exc_return
                0x20000694        0x4 STM32L152\InteropExports_core.o
                0x20000694                svc_exc_return
 .data._ZZ5_sbrkE4heap
                0x20000698        0x4 G:\LlilumRepo2\llilum\Zelig\mbed/TARGET_NUCLEO_L152RE/TOOLCHAIN_GCC_ARM/retarget.o
 .data.SystemCoreClock
                0x2000069c        0x4 G:\LlilumRepo2\llilum\Zelig\mbed/TARGET_NUCLEO_L152RE/TOOLCHAIN_GCC_ARM/system_stm32l1xx.o
                0x2000069c                SystemCoreClock
 .data.impure_data
                0x200006a0       0x60 c:/arm_gcc/4.9/bin/../lib/gcc/arm-none-eabi/4.9.3/../../../../arm-none-eabi/lib/armv7-m\libc_nano.a(lib_a-impure.o)
 .data._impure_ptr
                0x20000700        0x4 c:/arm_gcc/4.9/bin/../lib/gcc/arm-none-eabi/4.9.3/../../../../arm-none-eabi/lib/armv7-m\libc_nano.a(lib_a-impure.o)
                0x20000700                _impure_ptr
 .data.__ctype_ptr__
                0x20000704        0x4 c:/arm_gcc/4.9/bin/../lib/gcc/arm-none-eabi/4.9.3/../../../../arm-none-eabi/lib/armv7-m\libc_nano.a(lib_a-ctype_.o)
                0x20000704                __ctype_ptr__
 .data.lconv    0x20000708       0x38 c:/arm_gcc/4.9/bin/../lib/gcc/arm-none-eabi/4.9.3/../../../../arm-none-eabi/lib/armv7-m\libc_nano.a(lib_a-locale.o)
                0x20000740                . = ALIGN (0x4)
                0x20000740                PROVIDE (__preinit_array_start, .)
 *(.preinit_array)
                0x20000740                PROVIDE (__preinit_array_end, .)
                0x20000740                . = ALIGN (0x4)
                0x20000740                PROVIDE (__init_array_start, .)
 *(SORT(.init_array.*))
 *(.init_array)
 .init_array    0x20000740        0x4 c:/arm_gcc/4.9/bin/../lib/gcc/arm-none-eabi/4.9.3/armv7-m/crtbegin.o
                0x20000744                PROVIDE (__init_array_end, .)
                0x20000744                . = ALIGN (0x4)
                0x20000744                PROVIDE (__fini_array_start, .)
 *(SORT(.fini_array.*))
 *(.fini_array)
 .fini_array    0x20000744        0x4 c:/arm_gcc/4.9/bin/../lib/gcc/arm-none-eabi/4.9.3/armv7-m/crtbegin.o
                0x20000748                PROVIDE (__fini_array_end, .)
 *(.jcr*)
 .jcr           0x20000748        0x0 c:/arm_gcc/4.9/bin/../lib/gcc/arm-none-eabi/4.9.3/armv7-m/crtbegin.o
 .jcr           0x20000748        0x4 c:/arm_gcc/4.9/bin/../lib/gcc/arm-none-eabi/4.9.3/armv7-m/crtend.o
                0x2000074c                . = ALIGN (0x4)
                0x2000074c                __data_end__ = .
                0x2000074c                _edata = .

.igot.plt       0x2000074c        0x0 load address 0x0801f524
 .igot.plt      0x00000000        0x0 c:/arm_gcc/4.9/bin/../lib/gcc/arm-none-eabi/4.9.3/armv7-m/crtbegin.o

.got            0x2000074c        0x0 load address 0x0801f524
 .got           0x00000000        0x0 c:/arm_gcc/4.9/bin/../lib/gcc/arm-none-eabi/4.9.3/armv7-m/crtbegin.o

.got.plt        0x2000074c        0xc load address 0x0801f524
 .got.plt       0x2000074c        0xc c:/arm_gcc/4.9/bin/../lib/gcc/arm-none-eabi/4.9.3/armv7-m/crtbegin.o
                0x2000074c                _GLOBAL_OFFSET_TABLE_

.bss            0x20000758      0x474 load address 0x0801f530
                0x20000758                . = ALIGN (0x4)
                0x20000758                __bss_start__ = .
                0x20000758                _sbss = .
 *(.bss*)
 .bss           0x20000758       0x1c c:/arm_gcc/4.9/bin/../lib/gcc/arm-none-eabi/4.9.3/armv7-m/crtbegin.o
 .bss.valueToWatch
                0x20000774        0x4 STM32L152\InteropExports_debug.o
                0x20000774                valueToWatch
 .bss.PreviousVal
                0x20000778        0x4 G:\LlilumRepo2\llilum\Zelig\mbed/TARGET_NUCLEO_L152RE/TOOLCHAIN_GCC_ARM/hal_tick.o
                0x20000778                PreviousVal
 .bss._ZL11filehandles
                0x2000077c      0x100 G:\LlilumRepo2\llilum\Zelig\mbed/TARGET_NUCLEO_L152RE/TOOLCHAIN_GCC_ARM/retarget.o
 .bss.uwTick    0x2000087c        0x4 G:\LlilumRepo2\llilum\Zelig\mbed/TARGET_NUCLEO_L152RE/TOOLCHAIN_GCC_ARM/stm32l1xx_hal.o
 .bss.adc_inited
                0x20000880        0x4 G:\LlilumRepo2\llilum\Zelig\mbed/TARGET_NUCLEO_L152RE/TOOLCHAIN_GCC_ARM\libmbed.a(analogin_api.o)
                0x20000880                adc_inited
 .bss.channels  0x20000884      0x214 G:\LlilumRepo2\llilum\Zelig\mbed/TARGET_NUCLEO_L152RE/TOOLCHAIN_GCC_ARM\libmbed.a(gpio_irq_api.o)
 .bss.stdio_uart_inited
                0x20000a98        0x4 G:\LlilumRepo2\llilum\Zelig\mbed/TARGET_NUCLEO_L152RE/TOOLCHAIN_GCC_ARM\libmbed.a(serial_api.o)
                0x20000a98                stdio_uart_inited
 .bss.TimMasterHandle
                0x20000a9c       0x38 G:\LlilumRepo2\llilum\Zelig\mbed/TARGET_NUCLEO_L152RE/TOOLCHAIN_GCC_ARM\libmbed.a(us_ticker.o)
 .bss.us_ticker_inited
                0x20000ad4        0x4 G:\LlilumRepo2\llilum\Zelig\mbed/TARGET_NUCLEO_L152RE/TOOLCHAIN_GCC_ARM\libmbed.a(us_ticker.o)
 .bss.events    0x20000ad8        0x8 G:\LlilumRepo2\llilum\Zelig\mbed/TARGET_NUCLEO_L152RE/TOOLCHAIN_GCC_ARM\libmbed.a(us_ticker_api.o)
 .bss.__malloc_sbrk_start
                0x20000ae0        0x4 c:/arm_gcc/4.9/bin/../lib/gcc/arm-none-eabi/4.9.3/../../../../arm-none-eabi/lib/armv7-m\libc_nano.a(lib_a-nano-mallocr.o)
                0x20000ae0                __malloc_sbrk_start
 .bss.__malloc_free_list
                0x20000ae4        0x4 c:/arm_gcc/4.9/bin/../lib/gcc/arm-none-eabi/4.9.3/../../../../arm-none-eabi/lib/armv7-m\libc_nano.a(lib_a-nano-mallocr.o)
                0x20000ae4                __malloc_free_list
 *(COMMON)
 COMMON         0x20000ae8       0x38 G:\LlilumRepo2\llilum\Zelig\mbed/TARGET_NUCLEO_L152RE/TOOLCHAIN_GCC_ARM/hal_tick.o
                0x20000ae8                TimMasterHandle
 COMMON         0x20000b20       0x50 G:\LlilumRepo2\llilum\Zelig\mbed/TARGET_NUCLEO_L152RE/TOOLCHAIN_GCC_ARM\libmbed.a(analogin_api.o)
                0x20000b20                AdcHandle
 COMMON         0x20000b70       0x58 G:\LlilumRepo2\llilum\Zelig\mbed/TARGET_NUCLEO_L152RE/TOOLCHAIN_GCC_ARM\libmbed.a(serial_api.o)
                0x20000b70                UartHandle
                0x20000bac                stdio_uart
 COMMON         0x20000bc8        0x4 c:/arm_gcc/4.9/bin/../lib/gcc/arm-none-eabi/4.9.3/../../../../arm-none-eabi/lib/armv7-m\libc_nano.a(lib_a-reent.o)
                0x20000bc8                errno
                0x20000bcc                . = ALIGN (0x4)
                0x20000bcc                __bss_end__ = .
                0x20000bcc                _ebss = .

.heap           0x20000bcc        0x0
                0x20000bcc                __end__ = .
                0x20000bcc                end = __end__
 *(.heap*)
                0x20000bcc                __HeapLimit = .

.stack_dummy    0x20000bcc        0x0
 *(.stack*)
                0x20014000                __StackTop = (ORIGIN (RAM) + 0x13ec4)
                0x20014000                _estack = __StackTop
                0x20014000                __StackLimit = (__StackTop - SIZEOF (.stack_dummy))
                0x20014000                PROVIDE (__stack, __StackTop)
                0x00000001                ASSERT ((__StackLimit >= __HeapLimit), region RAM overflowed with stack)
OUTPUT(STM32L152\mbed_simple.elf elf32-littlearm)

.ARM.attributes
                0x00000000       0x2d
 .ARM.attributes
                0x00000000       0x1d c:/arm_gcc/4.9/bin/../lib/gcc/arm-none-eabi/4.9.3/armv7-m/crti.o
 .ARM.attributes
                0x0000001d       0x2d c:/arm_gcc/4.9/bin/../lib/gcc/arm-none-eabi/4.9.3/armv7-m/crtbegin.o
 .ARM.attributes
                0x0000004a       0x1b c:/arm_gcc/4.9/bin/../lib/gcc/arm-none-eabi/4.9.3/../../../../arm-none-eabi/lib/armv7-m/crt0.o
 .ARM.attributes
                0x00000065       0x3f .\Microsoft.Zelig.Test.mbed.Simple_opt.o
 .ARM.attributes
                0x000000a4       0x33 STM32L152\InteropExports_adc.o
 .ARM.attributes
                0x000000d7       0x33 STM32L152\InteropExports_clock.o
 .ARM.attributes
                0x0000010a       0x33 STM32L152\InteropExports_core.o
 .ARM.attributes
                0x0000013d       0x33 STM32L152\InteropExports_debug.o
 .ARM.attributes
                0x00000170       0x33 STM32L152\InteropExports_gpio.o
 .ARM.attributes
                0x000001a3       0x33 STM32L152\InteropExports_NVIC.o
 .ARM.attributes
                0x000001d6       0x33 STM32L152\InteropExports_system_timer.o
 .ARM.attributes
                0x00000209       0x33 STM32L152\InteropExports_SysTick.o
 .ARM.attributes
                0x0000023c       0x21 STM32L152\startup_stm32l152xe.o
 .ARM.attributes
                0x0000025d       0x33 G:\LlilumRepo2\llilum\Zelig\mbed/TARGET_NUCLEO_L152RE/TOOLCHAIN_GCC_ARM/board.o
 .ARM.attributes
                0x00000290       0x33 G:\LlilumRepo2\llilum\Zelig\mbed/TARGET_NUCLEO_L152RE/TOOLCHAIN_GCC_ARM/cmsis_nvic.o
 .ARM.attributes